Archive member included to satisfy reference by file (symbol)

/home/eric-busch/Workspace/msdk/Libraries/PeriphDrivers/bin/MAX32690/spi-v1_softfp/libPeriphDriver_spi-v1_softfp.a(mxc_delay.o)
                              /home/eric-busch/Tools/btm-ci-scripts/shell-scripts/ci_temp_sensor/firmware/build/max31889_driver.o (MXC_Delay)
/home/eric-busch/Workspace/msdk/Libraries/PeriphDrivers/bin/MAX32690/spi-v1_softfp/libPeriphDriver_spi-v1_softfp.a(sys_me18.o)
                              /home/eric-busch/Tools/btm-ci-scripts/shell-scripts/ci_temp_sensor/firmware/build/board.o (MXC_SYS_ClockEnable)
/home/eric-busch/Workspace/msdk/Libraries/PeriphDrivers/bin/MAX32690/spi-v1_softfp/libPeriphDriver_spi-v1_softfp.a(ctb_me18.o)
                              /home/eric-busch/Workspace/msdk/Libraries/PeriphDrivers/bin/MAX32690/spi-v1_softfp/libPeriphDriver_spi-v1_softfp.a(sys_me18.o) (MXC_CTB_Init)
/home/eric-busch/Workspace/msdk/Libraries/PeriphDrivers/bin/MAX32690/spi-v1_softfp/libPeriphDriver_spi-v1_softfp.a(ctb_reva.o)
                              /home/eric-busch/Workspace/msdk/Libraries/PeriphDrivers/bin/MAX32690/spi-v1_softfp/libPeriphDriver_spi-v1_softfp.a(ctb_me18.o) (MXC_CTB_RevA_Init)
/home/eric-busch/Workspace/msdk/Libraries/PeriphDrivers/bin/MAX32690/spi-v1_softfp/libPeriphDriver_spi-v1_softfp.a(ctb_common.o)
                              /home/eric-busch/Workspace/msdk/Libraries/PeriphDrivers/bin/MAX32690/spi-v1_softfp/libPeriphDriver_spi-v1_softfp.a(ctb_me18.o) (MXC_CTB_Common_Hash_GetBlockSize)
/home/eric-busch/Workspace/msdk/Libraries/PeriphDrivers/bin/MAX32690/spi-v1_softfp/libPeriphDriver_spi-v1_softfp.a(flc_me18.o)
                              /home/eric-busch/Workspace/msdk/Libraries/PeriphDrivers/bin/MAX32690/spi-v1_softfp/libPeriphDriver_spi-v1_softfp.a(sys_me18.o) (MXC_FLC_UnlockInfoBlock)
/home/eric-busch/Workspace/msdk/Libraries/PeriphDrivers/bin/MAX32690/spi-v1_softfp/libPeriphDriver_spi-v1_softfp.a(flc_reva.o)
                              /home/eric-busch/Workspace/msdk/Libraries/PeriphDrivers/bin/MAX32690/spi-v1_softfp/libPeriphDriver_spi-v1_softfp.a(flc_me18.o) (MXC_FLC_RevA_Busy)
/home/eric-busch/Workspace/msdk/Libraries/PeriphDrivers/bin/MAX32690/spi-v1_softfp/libPeriphDriver_spi-v1_softfp.a(gpio_me18.o)
                              /home/eric-busch/Tools/btm-ci-scripts/shell-scripts/ci_temp_sensor/firmware/build/pb.o (MXC_GPIO_InGet)
/home/eric-busch/Workspace/msdk/Libraries/PeriphDrivers/bin/MAX32690/spi-v1_softfp/libPeriphDriver_spi-v1_softfp.a(gpio_reva.o)
                              /home/eric-busch/Workspace/msdk/Libraries/PeriphDrivers/bin/MAX32690/spi-v1_softfp/libPeriphDriver_spi-v1_softfp.a(gpio_me18.o) (MXC_GPIO_RevA_InGet)
/home/eric-busch/Workspace/msdk/Libraries/PeriphDrivers/bin/MAX32690/spi-v1_softfp/libPeriphDriver_spi-v1_softfp.a(i2c_me18.o)
                              /home/eric-busch/Tools/btm-ci-scripts/shell-scripts/ci_temp_sensor/firmware/build/main.o (MXC_I2C_Init)
/home/eric-busch/Workspace/msdk/Libraries/PeriphDrivers/bin/MAX32690/spi-v1_softfp/libPeriphDriver_spi-v1_softfp.a(i2c_reva.o)
                              /home/eric-busch/Workspace/msdk/Libraries/PeriphDrivers/bin/MAX32690/spi-v1_softfp/libPeriphDriver_spi-v1_softfp.a(i2c_me18.o) (MXC_I2C_RevA_DMACallback)
/home/eric-busch/Workspace/msdk/Libraries/PeriphDrivers/bin/MAX32690/spi-v1_softfp/libPeriphDriver_spi-v1_softfp.a(icc_me18.o)
                              /home/eric-busch/Tools/btm-ci-scripts/shell-scripts/ci_temp_sensor/firmware/build/system_max32690.o (MXC_ICC_Enable)
/home/eric-busch/Workspace/msdk/Libraries/PeriphDrivers/bin/MAX32690/spi-v1_softfp/libPeriphDriver_spi-v1_softfp.a(icc_reva.o)
                              /home/eric-busch/Workspace/msdk/Libraries/PeriphDrivers/bin/MAX32690/spi-v1_softfp/libPeriphDriver_spi-v1_softfp.a(icc_me18.o) (MXC_ICC_RevA_ID)
/home/eric-busch/Workspace/msdk/Libraries/PeriphDrivers/bin/MAX32690/spi-v1_softfp/libPeriphDriver_spi-v1_softfp.a(spi_me18.o)
                              /home/eric-busch/Tools/btm-ci-scripts/shell-scripts/ci_temp_sensor/firmware/build/adt7320_driver.o (MXC_SPI_SetDataSize)
/home/eric-busch/Workspace/msdk/Libraries/PeriphDrivers/bin/MAX32690/spi-v1_softfp/libPeriphDriver_spi-v1_softfp.a(spi_reva1.o)
                              /home/eric-busch/Workspace/msdk/Libraries/PeriphDrivers/bin/MAX32690/spi-v1_softfp/libPeriphDriver_spi-v1_softfp.a(spi_me18.o) (MXC_SPI_RevA1_Init)
/home/eric-busch/Workspace/msdk/Libraries/PeriphDrivers/bin/MAX32690/spi-v1_softfp/libPeriphDriver_spi-v1_softfp.a(uart_me18.o)
                              /home/eric-busch/Tools/btm-ci-scripts/shell-scripts/ci_temp_sensor/firmware/build/board.o (MXC_UART_Shutdown)
/home/eric-busch/Workspace/msdk/Libraries/PeriphDrivers/bin/MAX32690/spi-v1_softfp/libPeriphDriver_spi-v1_softfp.a(uart_revb.o)
[...]
Memory Configuration

Name             Origin             Length             Attributes
ROM              0x0000000000000000 0x0000000000020000 xr
FLASH            0x0000000010000000 0x0000000000340000 xr
PAL_NVM_DB       0x0000000010340000 0x0000000000000000 r
RISCV_FLASH      0x0000000000000000 0x0000000000000000 xr
SRAM             0x0000000020000000 0x0000000000100000 xrw
MAILBOX_0        0x0000000000000000 0x0000000000000000 rw
MAILBOX_1        0x0000000000000000 0x0000000000000000 rw
HPB_CS0          0x0000000060000000 0x0000000010000000 xrw
HPB_CS1          0x0000000070000000 0x0000000010000000 xrw
*default*        0x0000000000000000 0xffffffffffffffff

Linker script and memory map

LOAD /home/eric-busch/Tools/GNUTools/bin/../lib/gcc/arm-none-eabi/10.3.1/thumb/v7e-m+fp/softfp/crti.o
LOAD /home/eric-busch/Tools/GNUTools/bin/../lib/gcc/arm-none-eabi/10.3.1/thumb/v7e-m+fp/softfp/crtbegin.o
LOAD /home/eric-busch/Tools/GNUTools/bin/../lib/gcc/arm-none-eabi/10.3.1/../../../../arm-none-eabi/lib/thumb/v7e-m+fp/softfp/crt0.o
LOAD /home/eric-busch/Tools/btm-ci-scripts/shell-scripts/ci_temp_sensor/firmware/build/max31889_driver.o
LOAD /home/eric-busch/Tools/btm-ci-scripts/shell-scripts/ci_temp_sensor/firmware/build/adt7320_driver.o
LOAD /home/eric-busch/Tools/btm-ci-scripts/shell-scripts/ci_temp_sensor/firmware/build/main.o
LOAD /home/eric-busch/Tools/btm-ci-scripts/shell-scripts/ci_temp_sensor/firmware/build/board.o
LOAD /home/eric-busch/Tools/btm-ci-scripts/shell-scripts/ci_temp_sensor/firmware/build/stdio.o
LOAD /home/eric-busch/Tools/btm-ci-scripts/shell-scripts/ci_temp_sensor/firmware/build/led.o
LOAD /home/eric-busch/Tools/btm-ci-scripts/shell-scripts/ci_temp_sensor/firmware/build/mx25.o
LOAD /home/eric-busch/Tools/btm-ci-scripts/shell-scripts/ci_temp_sensor/firmware/build/pb.o
LOAD /home/eric-busch/Tools/btm-ci-scripts/shell-scripts/ci_temp_sensor/firmware/build/tft_st7735.o
LOAD /home/eric-busch/Tools/btm-ci-scripts/shell-scripts/ci_temp_sensor/firmware/build/max9867.o
LOAD /home/eric-busch/Tools/btm-ci-scripts/shell-scripts/ci_temp_sensor/firmware/build/startup_max32690.o
LOAD /home/eric-busch/Tools/btm-ci-scripts/shell-scripts/ci_temp_sensor/firmware/build/heap.o
LOAD /home/eric-busch/Tools/btm-ci-scripts/shell-scripts/ci_temp_sensor/firmware/build/system_max32690.o
START GROUP
LOAD /home/eric-busch/Workspace/msdk/Libraries/PeriphDrivers/bin/MAX32690/spi-v1_softfp/libPeriphDriver_spi-v1_softfp.a
LOAD /home/eric-busch/Tools/GNUTools/bin/../lib/gcc/arm-none-eabi/10.3.1/../../../../arm-none-eabi/lib/thumb/v7e-m+fp/softfp/libc.a
LOAD /home/eric-busch/Tools/GNUTools/bin/../lib/gcc/arm-none-eabi/10.3.1/../../../../arm-none-eabi/lib/thumb/v7e-m+fp/softfp/libm.a
LOAD /home/eric-busch/Tools/GNUTools/bin/../lib/gcc/arm-none-eabi/10.3.1/../../../../arm-none-eabi/lib/thumb/v7e-m+fp/softfp/libnosys.a
END GROUP
START GROUP
LOAD /home/eric-busch/Tools/GNUTools/bin/../lib/gcc/arm-none-eabi/10.3.1/thumb/v7e-m+fp/softfp/libgcc.a
LOAD /home/eric-busch/Tools/GNUTools/bin/../lib/gcc/arm-none-eabi/10.3.1/../../../../arm-none-eabi/lib/thumb/v7e-m+fp/softfp/libc.a
END GROUP
LOAD /home/eric-busch/Tools/GNUTools/bin/../lib/gcc/arm-none-eabi/10.3.1/thumb/v7e-m+fp/softfp/crtend.o
LOAD /home/eric-busch/Tools/GNUTools/bin/../lib/gcc/arm-none-eabi/10.3.1/thumb/v7e-m+fp/softfp/crtn.o
                0x0000000010000000                ARM_FLASH_ORIGIN = _FLASH_ORIGIN
                0x0000000000340000                ARM_FLASH_SIZE = ((_FLASH_SIZE - _RISCV_FLASH_SIZE) - _PAL_NVM_SIZE)
                0x0000000010340000                PAL_NVM_ORIGIN = ((_FLASH_SIZE - _PAL_NVM_SIZE) + _FLASH_ORIGIN)
                0x0000000000000000                RISCV_FLASH_ORIGIN = _RISCV_FLASH_ORIGIN
                0x0000000000000000                RISCV_FLASH_SIZE = _RISCV_FLASH_SIZE
                0x0000000020000000                ARM_SRAM_ORIGIN = _SRAM_ORIGIN
                0x0000000000100000                ARM_SRAM_SIZE = (_SRAM_SIZE - _RISCV_SRAM_SIZE)
                0x0000000000000000                MAILBOX_ORIGIN = _RISCV_SRAM_ORIGIN
                0x0000000000000000                RISCV_SRAM_ORIGIN = _RISCV_SRAM_ORIGIN
                0x0000000000000000                RISCV_SRAM_SIZE = _RISCV_SRAM_SIZE

.rom
 *(.rom_vector)
 *(.rom_handlers*)

.text           0x0000000010000000     0x9b4c
                0x0000000010000000                _text = .
 *(.isr_vector)
 .isr_vector    0x0000000010000000      0x200 /home/eric-busch/Tools/btm-ci-scripts/shell-scripts/ci_temp_sensor/firmware/build/startup_max32690.o
                0x0000000010000000                __isr_vector
 EXCLUDE_FILE(*riscv.o) *(.text*)
 .text          0x0000000010000200       0x40 /home/eric-busch/Tools/GNUTools/bin/../lib/gcc/arm-none-eabi/10.3.1/thumb/v7e-m+fp/softfp/crtbegin.o
 .text.max31889_set_gpio_mode
                0x0000000010000240       0x34 /home/eric-busch/Tools/btm-ci-scripts/shell-scripts/ci_temp_sensor/firmware/build/max31889_driver.o
 .text.max31889_convert_to_temp
                0x0000000010000274       0x20 /home/eric-busch/Tools/btm-ci-scripts/shell-scripts/ci_temp_sensor/firmware/build/max31889_driver.o
 .text.i2c_transfer
                0x0000000010000294       0x12 /home/eric-busch/Tools/btm-ci-scripts/shell-scripts/ci_temp_sensor/firmware/build/max31889_driver.o
 .text.i2c_write
                0x00000000100002a6       0x12 /home/eric-busch/Tools/btm-ci-scripts/shell-scripts/ci_temp_sensor/firmware/build/max31889_driver.o
 .text.i2c_read
                0x00000000100002b8       0x14 /home/eric-busch/Tools/btm-ci-scripts/shell-scripts/ci_temp_sensor/firmware/build/max31889_driver.o
 .text.max31889_conversion
                0x00000000100002cc       0x60 /home/eric-busch/Tools/btm-ci-scripts/shell-scripts/ci_temp_sensor/firmware/build/max31889_driver.o
 .text.max318889_read_temperature
                0x000000001000032c       0xd0 /home/eric-busch/Tools/btm-ci-scripts/shell-scripts/ci_temp_sensor/firmware/build/max31889_driver.o
 .text.max31889_read
                0x00000000100003fc       0x28 /home/eric-busch/Tools/btm-ci-scripts/shell-scripts/ci_temp_sensor/firmware/build/max31889_driver.o
 .text.max31889_init
                0x0000000010000424       0x8c /home/eric-busch/Tools/btm-ci-scripts/shell-scripts/ci_temp_sensor/firmware/build/max31889_driver.o
 .text.MAX31889_Open
                0x00000000100004b0       0x14 /home/eric-busch/Tools/btm-ci-scripts/shell-scripts/ci_temp_sensor/firmware/build/max31889_driver.o
                0x00000000100004b0                MAX31889_Open
 .text.main     0x00000000100004c4       0xa8 /home/eric-busch/Tools/btm-ci-scripts/shell-scripts/ci_temp_sensor/firmware/build/main.o
                0x00000000100004c4                main
 .text.mxc_assert
                0x000000001000056c       0x10 /home/eric-busch/Tools/btm-ci-scripts/shell-scripts/ci_temp_sensor/firmware/build/board.o
                0x000000001000056c                mxc_assert
 .text.GPIOWAKE_IRQHandler
                0x000000001000057c        0xa /home/eric-busch/Tools/btm-ci-scripts/shell-scripts/ci_temp_sensor/firmware/build/board.o
                0x000000001000057c                GPIOWAKE_IRQHandler
 .text.GPIO2_IRQHandler
                0x0000000010000586        0xa /home/eric-busch/Tools/btm-ci-scripts/shell-scripts/ci_temp_sensor/firmware/build/board.o
                0x0000000010000586                GPIO2_IRQHandler
 .text.Console_Init
                0x0000000010000590       0x18 /home/eric-busch/Tools/btm-ci-scripts/shell-scripts/ci_temp_sensor/firmware/build/board.o
                0x0000000010000590                Console_Init
 .text.Board_Init
                0x00000000100005a8       0x58 /home/eric-busch/Tools/btm-ci-scripts/shell-scripts/ci_temp_sensor/firmware/build/board.o
                0x00000000100005a8                Board_Init
 .text.NMI_Handler
                0x0000000010000600       0x10 /home/eric-busch/Tools/btm-ci-scripts/shell-scripts/ci_temp_sensor/firmware/build/board.o
                0x0000000010000600                NMI_Handler
 .text.HardFault_Handler
                0x0000000010000610       0x10 /home/eric-busch/Tools/btm-ci-scripts/shell-scripts/ci_temp_sensor/firmware/build/board.o
                0x0000000010000610                HardFault_Handler
 .text._close   0x0000000010000620        0x6 /home/eric-busch/Tools/btm-ci-scripts/shell-scripts/ci_temp_sensor/firmware/build/stdio.o
                0x0000000010000620                _close
 .text._isatty  0x0000000010000626        0x6 /home/eric-busch/Tools/btm-ci-scripts/shell-scripts/ci_temp_sensor/firmware/build/stdio.o
                0x0000000010000626                _isatty
 .text._lseek   0x000000001000062c        0x6 /home/eric-busch/Tools/btm-ci-scripts/shell-scripts/ci_temp_sensor/firmware/build/stdio.o
                0x000000001000062c                _lseek
 .text._fstat   0x0000000010000632        0x6 /home/eric-busch/Tools/btm-ci-scripts/shell-scripts/ci_temp_sensor/firmware/build/stdio.o
                0x0000000010000632                _fstat
 .text._read    0x0000000010000638       0x50 /home/eric-busch/Tools/btm-ci-scripts/shell-scripts/ci_temp_sensor/firmware/build/stdio.o
                0x0000000010000638                _read
 .text._write   0x0000000010000688       0x44 /home/eric-busch/Tools/btm-ci-scripts/shell-scripts/ci_temp_sensor/firmware/build/stdio.o
                0x0000000010000688                _write
 .text.LED_Off  0x00000000100006cc       0x44 /home/eric-busch/Tools/btm-ci-scripts/shell-scripts/ci_temp_sensor/firmware/build/led.o
                0x00000000100006cc                LED_Off
 .text.LED_Init
                0x0000000010000710       0x3c /home/eric-busch/Tools/btm-ci-scripts/shell-scripts/ci_temp_sensor/firmware/build/led.o
                0x0000000010000710                LED_Init
 .text.PB_Init  0x000000001000074c       0x38 /home/eric-busch/Tools/btm-ci-scripts/shell-scripts/ci_temp_sensor/firmware/build/pb.o
                0x000000001000074c                PB_Init
 .text          0x0000000010000784      0x158 /home/eric-busch/Tools/btm-ci-scripts/shell-scripts/ci_temp_sensor/firmware/build/startup_max32690.o
                0x0000000010000784                Reset_Handler
                0x00000000100007c4                MemManage_Handler
                0x00000000100007c6                BusFault_Handler
                0x00000000100007c8                UsageFault_Handler
                0x00000000100007ca                SVC_Handler
                0x00000000100007cc                DebugMon_Handler
                0x00000000100007ce                PendSV_Handler
                0x00000000100007d0                SysTick_Handler
                0x00000000100007d2                Default_Handler
                0x00000000100007d4                PF_IRQHandler
                0x00000000100007d6                WDT0_IRQHandler
                0x00000000100007d8                USB_IRQHandler
                0x00000000100007da                RTC_IRQHandler
                0x00000000100007dc                TRNG_IRQHandler
                0x00000000100007de                TMR0_IRQHandler
                0x00000000100007e0                TMR1_IRQHandler
                0x00000000100007e2                TMR2_IRQHandler
                0x00000000100007e4                TMR3_IRQHandler
                0x00000000100007e6                TMR4_IRQHandler
                0x00000000100007e8                TMR5_IRQHandler
                0x00000000100007ea                RSV11_IRQHandler
                0x00000000100007ec                RSV12_IRQHandler
                0x00000000100007ee                I2C0_IRQHandler
                0x00000000100007f0                UART0_IRQHandler
                0x00000000100007f2                UART1_IRQHandler
                0x00000000100007f4                SPI0_IRQHandler
                0x00000000100007f6                SPI1_IRQHandler
                0x00000000100007f8                SPI2_IRQHandler
                0x00000000100007fa                RSV19_IRQHandler
                0x00000000100007fc                ADC_IRQHandler
                0x00000000100007fe                RSV21_IRQHandler
                0x0000000010000800                RSV22_IRQHandler
                0x0000000010000802                FLC0_IRQHandler
                0x0000000010000804                GPIO0_IRQHandler
                0x0000000010000806                GPIO1_IRQHandler
                0x000000001000080a                CRYPTO_IRQHandler
                0x000000001000080c                DMA0_IRQHandler
                0x000000001000080e                DMA1_IRQHandler
                0x0000000010000810                DMA2_IRQHandler
                0x0000000010000812                DMA3_IRQHandler
                0x0000000010000814                RSV32_IRQHandler
                0x0000000010000816                RSV33_IRQHandler
                0x0000000010000818                UART2_IRQHandler
                0x000000001000081a                RSV35_IRQHandler
                0x000000001000081c                I2C1_IRQHandler
                0x000000001000081e                RSV37_IRQHandler
                0x0000000010000820                SPIXC_IRQHandler
                0x0000000010000822                BTLE_TX_DONE_IRQHandler
                0x0000000010000824                BTLE_RX_RCVD_IRQHandler
                0x0000000010000826                BTLE_RX_ENG_DET_IRQHandler
                0x0000000010000828                BTLE_SFD_DET_IRQHandler
                0x000000001000082a                BTLE_SFD_TO_IRQHandler
                0x000000001000082c                BTLE_GP_EVENT_IRQHandler
                0x000000001000082e                BTLE_CFO_IRQHandler
                0x0000000010000830                BTLE_SIG_DET_IRQHandler
                0x0000000010000832                BTLE_AGC_EVENT_IRQHandler
                0x0000000010000834                BTLE_RFFE_SPIM_IRQHandler
                0x0000000010000836                BTLE_TX_AES_IRQHandler
                0x0000000010000838                BTLE_RX_AES_IRQHandler
                0x000000001000083a                BTLE_INV_APB_ADDR_IRQHandler
                0x000000001000083c                BTLE_IQ_DATA_VALID_IRQHandler
                0x000000001000083e                WUT0_IRQHandler
                0x0000000010000842                RSV55_IRQHandler
                0x0000000010000844                SPI3_IRQHandler
                0x0000000010000846                WDT1_IRQHandler
                0x0000000010000848                GPIO3_IRQHandler
                0x000000001000084a                PT_IRQHandler
                0x000000001000084c                RSV60_IRQHandler
                0x000000001000084e                HPB_IRQHandler
                0x0000000010000850                I2C2_IRQHandler
                0x0000000010000852                RISCV_IRQHandler
                0x0000000010000854                RSV64_IRQHandler
                0x0000000010000856                RSV65_IRQHandler
                0x0000000010000858                RSV66_IRQHandler
                0x000000001000085a                OWM_IRQHandler
                0x000000001000085c                DMA4_IRQHandler
                0x000000001000085e                DMA5_IRQHandler
                0x0000000010000860                DMA6_IRQHandler
                0x0000000010000862                DMA7_IRQHandler
                0x0000000010000864                DMA8_IRQHandler
                0x0000000010000866                DMA9_IRQHandler
                0x0000000010000868                DMA10_IRQHandler
                0x000000001000086a                DMA11_IRQHandler
                0x000000001000086c                DMA12_IRQHandler
                0x000000001000086e                DMA13_IRQHandler
                0x0000000010000870                DMA14_IRQHandler
                0x0000000010000872                DMA15_IRQHandler
                0x0000000010000874                USBDMA_IRQHandler
                0x0000000010000876                RSV81_IRQHandler
                0x0000000010000878                ECC_IRQHandler
                0x000000001000087a                RSV83_IRQHandler
                0x000000001000087c                RSV84_IRQHandler
                0x000000001000087e                SCA_IRQHandler
                0x0000000010000880                RSV86_IRQHandler
                0x0000000010000882                FLC1_IRQHandler
                0x0000000010000884                UART3_IRQHandler
                0x0000000010000886                RSV89_IRQHandler
                0x0000000010000888                RSV90_IRQHandler
                0x000000001000088a                RSV91_IRQHandler
                0x000000001000088c                RSV92_IRQHandler
                0x000000001000088e                RSV93_IRQHandler
                0x0000000010000890                RSV94_IRQHandler
                0x0000000010000892                RSV95_IRQHandler
                0x0000000010000894                RSV96_IRQHandler
                0x0000000010000896                RSV97_IRQHandler
                0x0000000010000898                RSV98_IRQHandler
                0x000000001000089a                I2S_IRQHandler
                0x000000001000089c                RSV100_IRQHandler
                0x000000001000089e                RSV101_IRQHandler
                0x00000000100008a0                RSV102_IRQHandler
                0x00000000100008a2                LPCMP_IRQHandler
                0x00000000100008a4                RSV104_IRQHandler
                0x00000000100008a6                SPI4_IRQHandler
                0x00000000100008a8                RSV106_IRQHandler
                0x00000000100008aa                CAN0_IRQHandler
                0x00000000100008ac                CAN1_IRQHandler
                0x00000000100008ae                WUT1_IRQHandler
                0x00000000100008b0                RSV110_IRQHandler
                0x00000000100008b2                RSV111_IRQHandler
 .text._sbrk    0x00000000100008dc       0x40 /home/eric-busch/Tools/btm-ci-scripts/shell-scripts/ci_temp_sensor/firmware/build/heap.o
                0x00000000100008dc                _sbrk
 .text._getpid  0x000000001000091c        0x6 /home/eric-busch/Tools/btm-ci-scripts/shell-scripts/ci_temp_sensor/firmware/build/system_max32690.o
                0x000000001000091c                _getpid
 .text._kill    0x0000000010000922        0x6 /home/eric-busch/Tools/btm-ci-scripts/shell-scripts/ci_temp_sensor/firmware/build/system_max32690.o
                0x0000000010000922                _kill
 .text.SystemCoreClockUpdate
                0x0000000010000928       0x80 /home/eric-busch/Tools/btm-ci-scripts/shell-scripts/ci_temp_sensor/firmware/build/system_max32690.o
                0x0000000010000928                SystemCoreClockUpdate
 .text.PreInit  0x00000000100009a8        0x4 /home/eric-busch/Tools/btm-ci-scripts/shell-scripts/ci_temp_sensor/firmware/build/system_max32690.o
                0x00000000100009a8                PreInit
 .text.PinInit  0x00000000100009ac        0x2 /home/eric-busch/Tools/btm-ci-scripts/shell-scripts/ci_temp_sensor/firmware/build/system_max32690.o
                0x00000000100009ac                PinInit
 .text.PalSysInit
                0x00000000100009ae        0x2 /home/eric-busch/Tools/btm-ci-scripts/shell-scripts/ci_temp_sensor/firmware/build/system_max32690.o
                0x00000000100009ae                PalSysInit
 .text.SystemInit
                0x00000000100009b0       0x88 /home/eric-busch/Tools/btm-ci-scripts/shell-scripts/ci_temp_sensor/firmware/build/system_max32690.o
                0x00000000100009b0                SystemInit
 .text.MXC_DelayInit
                0x0000000010000a38       0x84 /home/eric-busch/Workspace/msdk/Libraries/PeriphDrivers/bin/MAX32690/spi-v1_softfp/libPeriphDriver_spi-v1_softfp.a(mxc_delay.o)
 .text.MXC_DelayAsync
                0x0000000010000abc       0x44 /home/eric-busch/Workspace/msdk/Libraries/PeriphDrivers/bin/MAX32690/spi-v1_softfp/libPeriphDriver_spi-v1_softfp.a(mxc_delay.o)
                0x0000000010000abc                MXC_DelayAsync
 .text.MXC_DelayAbort
                0x0000000010000b00       0x34 /home/eric-busch/Workspace/msdk/Libraries/PeriphDrivers/bin/MAX32690/spi-v1_softfp/libPeriphDriver_spi-v1_softfp.a(mxc_delay.o)
                0x0000000010000b00                MXC_DelayAbort
 .text.MXC_Delay
                0x0000000010000b34       0x58 /home/eric-busch/Workspace/msdk/Libraries/PeriphDrivers/bin/MAX32690/spi-v1_softfp/libPeriphDriver_spi-v1_softfp.a(mxc_delay.o)
                0x0000000010000b34                MXC_Delay
 .text.MXC_SYS_ClockDisable
                0x0000000010000b8c       0x48 /home/eric-busch/Workspace/msdk/Libraries/PeriphDrivers/bin/MAX32690/spi-v1_softfp/libPeriphDriver_spi-v1_softfp.a(sys_me18.o)
                0x0000000010000b8c                MXC_SYS_ClockDisable
 .text.MXC_SYS_ClockEnable
                0x0000000010000bd4       0x50 /home/eric-busch/Workspace/msdk/Libraries/PeriphDrivers/bin/MAX32690/spi-v1_softfp/libPeriphDriver_spi-v1_softfp.a(sys_me18.o)
                0x0000000010000bd4                MXC_SYS_ClockEnable
 .text.MXC_SYS_Clock_Timeout
                0x0000000010000c24       0x1c /home/eric-busch/Workspace/msdk/Libraries/PeriphDrivers/bin/MAX32690/spi-v1_softfp/libPeriphDriver_spi-v1_softfp.a(sys_me18.o)
                0x0000000010000c24                MXC_SYS_Clock_Timeout
 .text.MXC_SYS_ClockSourceEnable
                0x0000000010000c40       0xa4 /home/eric-busch/Workspace/msdk/Libraries/PeriphDrivers/bin/MAX32690/spi-v1_softfp/libPeriphDriver_spi-v1_softfp.a(sys_me18.o)
                0x0000000010000c40                MXC_SYS_ClockSourceEnable
 .text.MXC_SYS_Clock_Select
                0x0000000010000ce4      0x12c /home/eric-busch/Workspace/msdk/Libraries/PeriphDrivers/bin/MAX32690/spi-v1_softfp/libPeriphDriver_spi-v1_softfp.a(sys_me18.o)
                0x0000000010000ce4                MXC_SYS_Clock_Select
 .text.MXC_SYS_Reset_Periph
                0x0000000010000e10       0x58 /home/eric-busch/Workspace/msdk/Libraries/PeriphDrivers/bin/MAX32690/spi-v1_softfp/libPeriphDriver_spi-v1_softfp.a(sys_me18.o)
                0x0000000010000e10                MXC_SYS_Reset_Periph
 .text.MXC_GPIO_Init
                0x0000000010000e68       0x44 /home/eric-busch/Workspace/msdk/Libraries/PeriphDrivers/bin/MAX32690/spi-v1_softfp/libPeriphDriver_spi-v1_softfp.a(gpio_me18.o)
                0x0000000010000e68                MXC_GPIO_Init
 .text.MXC_GPIO_OutSet
                0x0000000010000eac       0x2c /home/eric-busch/Workspace/msdk/Libraries/PeriphDrivers/bin/MAX32690/spi-v1_softfp/libPeriphDriver_spi-v1_softfp.a(gpio_me18.o)
                0x0000000010000eac                MXC_GPIO_OutSet
 .text.MXC_GPIO_Handler
                0x0000000010000ed8        0x8 /home/eric-busch/Workspace/msdk/Libraries/PeriphDrivers/bin/MAX32690/spi-v1_softfp/libPeriphDriver_spi-v1_softfp.a(gpio_me18.o)
                0x0000000010000ed8                MXC_GPIO_Handler
 .text.MXC_GPIO_ClearFlags
                0x0000000010000ee0       0x20 /home/eric-busch/Workspace/msdk/Libraries/PeriphDrivers/bin/MAX32690/spi-v1_softfp/libPeriphDriver_spi-v1_softfp.a(gpio_me18.o)
                0x0000000010000ee0                MXC_GPIO_ClearFlags
 .text.MXC_GPIO_GetFlags
                0x0000000010000f00       0x20 /home/eric-busch/Workspace/msdk/Libraries/PeriphDrivers/bin/MAX32690/spi-v1_softfp/libPeriphDriver_spi-v1_softfp.a(gpio_me18.o)
                0x0000000010000f00                MXC_GPIO_GetFlags
 .text.MXC_GPIO_SetVSSEL
                0x0000000010000f20       0x18 /home/eric-busch/Workspace/msdk/Libraries/PeriphDrivers/bin/MAX32690/spi-v1_softfp/libPeriphDriver_spi-v1_softfp.a(gpio_me18.o)
                0x0000000010000f20                MXC_GPIO_SetVSSEL
 .text.MXC_GPIO_SetDriveStrength
                0x0000000010000f38        0x8 /home/eric-busch/Workspace/msdk/Libraries/PeriphDrivers/bin/MAX32690/spi-v1_softfp/libPeriphDriver_spi-v1_softfp.a(gpio_me18.o)
                0x0000000010000f38                MXC_GPIO_SetDriveStrength
 .text.MXC_GPIO_GetConfigLock
                0x0000000010000f40        0x8 /home/eric-busch/Workspace/msdk/Libraries/PeriphDrivers/bin/MAX32690/spi-v1_softfp/libPeriphDriver_spi-v1_softfp.a(gpio_me18.o)
                0x0000000010000f40                MXC_GPIO_GetConfigLock
 .text.MXC_GPIO_Config
                0x0000000010000f48      0x2b0 /home/eric-busch/Workspace/msdk/Libraries/PeriphDrivers/bin/MAX32690/spi-v1_softfp/libPeriphDriver_spi-v1_softfp.a(gpio_me18.o)
                0x0000000010000f48                MXC_GPIO_Config
 .text.MXC_GPIO_RevA_OutSet
                0x00000000100011f8        0x4 /home/eric-busch/Workspace/msdk/Libraries/PeriphDrivers/bin/MAX32690/spi-v1_softfp/libPeriphDriver_spi-v1_softfp.a(gpio_reva.o)
                0x00000000100011f8                MXC_GPIO_RevA_OutSet
 .text.MXC_GPIO_RevA_ClearFlags
                0x00000000100011fc        0x4 /home/eric-busch/Workspace/msdk/Libraries/PeriphDrivers/bin/MAX32690/spi-v1_softfp/libPeriphDriver_spi-v1_softfp.a(gpio_reva.o)
                0x00000000100011fc                MXC_GPIO_RevA_ClearFlags
 .text.MXC_GPIO_RevA_GetFlags
                0x0000000010001200        0x4 /home/eric-busch/Workspace/msdk/Libraries/PeriphDrivers/bin/MAX32690/spi-v1_softfp/libPeriphDriver_spi-v1_softfp.a(gpio_reva.o)
                0x0000000010001200                MXC_GPIO_RevA_GetFlags
 .text.MXC_GPIO_RevA_SetVSSEL
                0x0000000010001204       0x3e /home/eric-busch/Workspace/msdk/Libraries/PeriphDrivers/bin/MAX32690/spi-v1_softfp/libPeriphDriver_spi-v1_softfp.a(gpio_reva.o)
                0x0000000010001204                MXC_GPIO_RevA_SetVSSEL
 .text.MXC_GPIO_RevA_SetAF
                0x0000000010001242       0x88 /home/eric-busch/Workspace/msdk/Libraries/PeriphDrivers/bin/MAX32690/spi-v1_softfp/libPeriphDriver_spi-v1_softfp.a(gpio_reva.o)
                0x0000000010001242                MXC_GPIO_RevA_SetAF
 .text.MXC_GPIO_RevA_SetDriveStrength
                0x00000000100012ca       0x98 /home/eric-busch/Workspace/msdk/Libraries/PeriphDrivers/bin/MAX32690/spi-v1_softfp/libPeriphDriver_spi-v1_softfp.a(gpio_reva.o)
                0x00000000100012ca                MXC_GPIO_RevA_SetDriveStrength
 .text.MXC_I2C_SetSlaveAddr
                0x0000000010001362       0x10 /home/eric-busch/Workspace/msdk/Libraries/PeriphDrivers/bin/MAX32690/spi-v1_softfp/libPeriphDriver_spi-v1_softfp.a(i2c_me18.o)
                0x0000000010001362                MXC_I2C_SetSlaveAddr
 *fill*         0x0000000010001372        0x2 
 .text.MXC_I2C_Shutdown
                0x0000000010001374       0x58 /home/eric-busch/Workspace/msdk/Libraries/PeriphDrivers/bin/MAX32690/spi-v1_softfp/libPeriphDriver_spi-v1_softfp.a(i2c_me18.o)
                0x0000000010001374                MXC_I2C_Shutdown
 .text.MXC_I2C_Init
                0x00000000100013cc       0x78 /home/eric-busch/Workspace/msdk/Libraries/PeriphDrivers/bin/MAX32690/spi-v1_softfp/libPeriphDriver_spi-v1_softfp.a(i2c_me18.o)
                0x00000000100013cc                MXC_I2C_Init
 .text.MXC_I2C_SetFrequency
                0x0000000010001444        0x8 /home/eric-busch/Workspace/msdk/Libraries/PeriphDrivers/bin/MAX32690/spi-v1_softfp/libPeriphDriver_spi-v1_softfp.a(i2c_me18.o)
                0x0000000010001444                MXC_I2C_SetFrequency
 .text.MXC_I2C_GetFrequency
                0x000000001000144c        0x8 /home/eric-busch/Workspace/msdk/Libraries/PeriphDrivers/bin/MAX32690/spi-v1_softfp/libPeriphDriver_spi-v1_softfp.a(i2c_me18.o)
                0x000000001000144c                MXC_I2C_GetFrequency
 .text.MXC_I2C_Start
                0x0000000010001454        0x8 /home/eric-busch/Workspace/msdk/Libraries/PeriphDrivers/bin/MAX32690/spi-v1_softfp/libPeriphDriver_spi-v1_softfp.a(i2c_me18.o)
                0x0000000010001454                MXC_I2C_Start
 .text.MXC_I2C_Stop
                0x000000001000145c        0x8 /home/eric-busch/Workspace/msdk/Libraries/PeriphDrivers/bin/MAX32690/spi-v1_softfp/libPeriphDriver_spi-v1_softfp.a(i2c_me18.o)
                0x000000001000145c                MXC_I2C_Stop
 .text.MXC_I2C_ReadRXFIFO
                0x0000000010001464        0x8 /home/eric-busch/Workspace/msdk/Libraries/PeriphDrivers/bin/MAX32690/spi-v1_softfp/libPeriphDriver_spi-v1_softfp.a(i2c_me18.o)
                0x0000000010001464                MXC_I2C_ReadRXFIFO
 .text.MXC_I2C_WriteTXFIFO
                0x000000001000146c        0x8 /home/eric-busch/Workspace/msdk/Libraries/PeriphDrivers/bin/MAX32690/spi-v1_softfp/libPeriphDriver_spi-v1_softfp.a(i2c_me18.o)
                0x000000001000146c                MXC_I2C_WriteTXFIFO
 .text.MXC_I2C_ClearRXFIFO
                0x0000000010001474        0x8 /home/eric-busch/Workspace/msdk/Libraries/PeriphDrivers/bin/MAX32690/spi-v1_softfp/libPeriphDriver_spi-v1_softfp.a(i2c_me18.o)
                0x0000000010001474                MXC_I2C_ClearRXFIFO
 .text.MXC_I2C_ClearTXFIFO
                0x000000001000147c        0x8 /home/eric-busch/Workspace/msdk/Libraries/PeriphDrivers/bin/MAX32690/spi-v1_softfp/libPeriphDriver_spi-v1_softfp.a(i2c_me18.o)
                0x000000001000147c                MXC_I2C_ClearTXFIFO
 .text.MXC_I2C_ClearFlags
                0x0000000010001484        0x8 /home/eric-busch/Workspace/msdk/Libraries/PeriphDrivers/bin/MAX32690/spi-v1_softfp/libPeriphDriver_spi-v1_softfp.a(i2c_me18.o)
                0x0000000010001484                MXC_I2C_ClearFlags
 .text.MXC_I2C_Recover
                0x000000001000148c        0x8 /home/eric-busch/Workspace/msdk/Libraries/PeriphDrivers/bin/MAX32690/spi-v1_softfp/libPeriphDriver_spi-v1_softfp.a(i2c_me18.o)
                0x000000001000148c                MXC_I2C_Recover
 .text.MXC_I2C_MasterTransaction
                0x0000000010001494        0x8 /home/eric-busch/Workspace/msdk/Libraries/PeriphDrivers/bin/MAX32690/spi-v1_softfp/libPeriphDriver_spi-v1_softfp.a(i2c_me18.o)
                0x0000000010001494                MXC_I2C_MasterTransaction
 .text.MXC_I2C_SetRXThreshold
                0x000000001000149c        0x8 /home/eric-busch/Workspace/msdk/Libraries/PeriphDrivers/bin/MAX32690/spi-v1_softfp/libPeriphDriver_spi-v1_softfp.a(i2c_me18.o)
                0x000000001000149c                MXC_I2C_SetRXThreshold
 .text.MXC_I2C_SetTXThreshold
                0x00000000100014a4        0x8 /home/eric-busch/Workspace/msdk/Libraries/PeriphDrivers/bin/MAX32690/spi-v1_softfp/libPeriphDriver_spi-v1_softfp.a(i2c_me18.o)
                0x00000000100014a4                MXC_I2C_SetTXThreshold
 .text.MXC_I2C_RevA_Init
                0x00000000100014ac      0x108 /home/eric-busch/Workspace/msdk/Libraries/PeriphDrivers/bin/MAX32690/spi-v1_softfp/libPeriphDriver_spi-v1_softfp.a(i2c_reva.o)
                0x00000000100014ac                MXC_I2C_RevA_Init
 .text.MXC_I2C_RevA_SetSlaveAddr
                0x00000000100015b4       0x54 /home/eric-busch/Workspace/msdk/Libraries/PeriphDrivers/bin/MAX32690/spi-v1_softfp/libPeriphDriver_spi-v1_softfp.a(i2c_reva.o)
                0x00000000100015b4                MXC_I2C_RevA_SetSlaveAddr
 .text.MXC_I2C_RevA_Shutdown
                0x0000000010001608       0xb4 /home/eric-busch/Workspace/msdk/Libraries/PeriphDrivers/bin/MAX32690/spi-v1_softfp/libPeriphDriver_spi-v1_softfp.a(i2c_reva.o)
                0x0000000010001608                MXC_I2C_RevA_Shutdown
 .text.MXC_I2C_RevA_SetFrequency
                0x00000000100016bc       0xd4 /home/eric-busch/Workspace/msdk/Libraries/PeriphDrivers/bin/MAX32690/spi-v1_softfp/libPeriphDriver_spi-v1_softfp.a(i2c_reva.o)
                0x00000000100016bc                MXC_I2C_RevA_SetFrequency
 .text.MXC_I2C_RevA_GetFrequency
                0x0000000010001790       0x38 /home/eric-busch/Workspace/msdk/Libraries/PeriphDrivers/bin/MAX32690/spi-v1_softfp/libPeriphDriver_spi-v1_softfp.a(i2c_reva.o)
                0x0000000010001790                MXC_I2C_RevA_GetFrequency
 .text.MXC_I2C_RevA_Start
                0x00000000100017c8       0x28 /home/eric-busch/Workspace/msdk/Libraries/PeriphDrivers/bin/MAX32690/spi-v1_softfp/libPeriphDriver_spi-v1_softfp.a(i2c_reva.o)
                0x00000000100017c8                MXC_I2C_RevA_Start
 .text.MXC_I2C_RevA_Stop
                0x00000000100017f0       0x1e /home/eric-busch/Workspace/msdk/Libraries/PeriphDrivers/bin/MAX32690/spi-v1_softfp/libPeriphDriver_spi-v1_softfp.a(i2c_reva.o)
                0x00000000100017f0                MXC_I2C_RevA_Stop
 .text.MXC_I2C_RevA_ReadRXFIFO
                0x000000001000180e       0x30 /home/eric-busch/Workspace/msdk/Libraries/PeriphDrivers/bin/MAX32690/spi-v1_softfp/libPeriphDriver_spi-v1_softfp.a(i2c_reva.o)
                0x000000001000180e                MXC_I2C_RevA_ReadRXFIFO
 .text.MXC_I2C_RevA_GetRXFIFOAvailable
                0x000000001000183e       0x10 /home/eric-busch/Workspace/msdk/Libraries/PeriphDrivers/bin/MAX32690/spi-v1_softfp/libPeriphDriver_spi-v1_softfp.a(i2c_reva.o)
                0x000000001000183e                MXC_I2C_RevA_GetRXFIFOAvailable
 .text.MXC_I2C_RevA_WriteTXFIFO
                0x000000001000184e       0x30 /home/eric-busch/Workspace/msdk/Libraries/PeriphDrivers/bin/MAX32690/spi-v1_softfp/libPeriphDriver_spi-v1_softfp.a(i2c_reva.o)
                0x000000001000184e                MXC_I2C_RevA_WriteTXFIFO
 .text.MXC_I2C_RevA_ClearRXFIFO
                0x000000001000187e       0x12 /home/eric-busch/Workspace/msdk/Libraries/PeriphDrivers/bin/MAX32690/spi-v1_softfp/libPeriphDriver_spi-v1_softfp.a(i2c_reva.o)
                0x000000001000187e                MXC_I2C_RevA_ClearRXFIFO
 .text.MXC_I2C_RevA_ClearTXFIFO
                0x0000000010001890       0x12 /home/eric-busch/Workspace/msdk/Libraries/PeriphDrivers/bin/MAX32690/spi-v1_softfp/libPeriphDriver_spi-v1_softfp.a(i2c_reva.o)
                0x0000000010001890                MXC_I2C_RevA_ClearTXFIFO
 .text.MXC_I2C_RevA_ClearFlags
                0x00000000100018a2        0x6 /home/eric-busch/Workspace/msdk/Libraries/PeriphDrivers/bin/MAX32690/spi-v1_softfp/libPeriphDriver_spi-v1_softfp.a(i2c_reva.o)
                0x00000000100018a2                MXC_I2C_RevA_ClearFlags
 .text.MXC_I2C_RevA_Recover
                0x00000000100018a8       0xd8 /home/eric-busch/Workspace/msdk/Libraries/PeriphDrivers/bin/MAX32690/spi-v1_softfp/libPeriphDriver_spi-v1_softfp.a(i2c_reva.o)
                0x00000000100018a8                MXC_I2C_RevA_Recover
 .text.MXC_I2C_RevA_MasterTransaction
                0x0000000010001980      0x1a4 /home/eric-busch/Workspace/msdk/Libraries/PeriphDrivers/bin/MAX32690/spi-v1_softfp/libPeriphDriver_spi-v1_softfp.a(i2c_reva.o)
                0x0000000010001980                MXC_I2C_RevA_MasterTransaction
 .text.MXC_I2C_RevA_SetRXThreshold
                0x0000000010001b24       0x1e /home/eric-busch/Workspace/msdk/Libraries/PeriphDrivers/bin/MAX32690/spi-v1_softfp/libPeriphDriver_spi-v1_softfp.a(i2c_reva.o)
                0x0000000010001b24                MXC_I2C_RevA_SetRXThreshold
 .text.MXC_I2C_RevA_SetTXThreshold
                0x0000000010001b42       0x20 /home/eric-busch/Workspace/msdk/Libraries/PeriphDrivers/bin/MAX32690/spi-v1_softfp/libPeriphDriver_spi-v1_softfp.a(i2c_reva.o)
                0x0000000010001b42                MXC_I2C_RevA_SetTXThreshold
 .text.MXC_ICC_Enable
                0x0000000010001b62        0x8 /home/eric-busch/Workspace/msdk/Libraries/PeriphDrivers/bin/MAX32690/spi-v1_softfp/libPeriphDriver_spi-v1_softfp.a(icc_me18.o)
                0x0000000010001b62                MXC_ICC_Enable
 .text.MXC_ICC_Disable
                0x0000000010001b6a        0x8 /home/eric-busch/Workspace/msdk/Libraries/PeriphDrivers/bin/MAX32690/spi-v1_softfp/libPeriphDriver_spi-v1_softfp.a(icc_me18.o)
                0x0000000010001b6a                MXC_ICC_Disable
 .text.MXC_ICC_Ready
                0x0000000010001b72        0xa /home/eric-busch/Workspace/msdk/Libraries/PeriphDrivers/bin/MAX32690/spi-v1_softfp/libPeriphDriver_spi-v1_softfp.a(icc_reva.o)
 .text.MXC_ICC_RevA_Enable
                0x0000000010001b7c       0x38 /home/eric-busch/Workspace/msdk/Libraries/PeriphDrivers/bin/MAX32690/spi-v1_softfp/libPeriphDriver_spi-v1_softfp.a(icc_reva.o)
                0x0000000010001b7c                MXC_ICC_RevA_Enable
 .text.MXC_ICC_RevA_Disable
                0x0000000010001bb4        0xe /home/eric-busch/Workspace/msdk/Libraries/PeriphDrivers/bin/MAX32690/spi-v1_softfp/libPeriphDriver_spi-v1_softfp.a(icc_reva.o)
                0x0000000010001bb4                MXC_ICC_RevA_Disable
 *fill*         0x0000000010001bc2        0x2 
 .text.MXC_UART_Shutdown
                0x0000000010001bc4       0x70 /home/eric-busch/Workspace/msdk/Libraries/PeriphDrivers/bin/MAX32690/spi-v1_softfp/libPeriphDriver_spi-v1_softfp.a(uart_me18.o)
                0x0000000010001bc4                MXC_UART_Shutdown
 .text.MXC_UART_Init
                0x0000000010001c34       0xb4 /home/eric-busch/Workspace/msdk/Libraries/PeriphDrivers/bin/MAX32690/spi-v1_softfp/libPeriphDriver_spi-v1_softfp.a(uart_me18.o)
                0x0000000010001c34                MXC_UART_Init
 .text.MXC_UART_GetFrequency
                0x0000000010001ce8       0xa4 /home/eric-busch/Workspace/msdk/Libraries/PeriphDrivers/bin/MAX32690/spi-v1_softfp/libPeriphDriver_spi-v1_softfp.a(uart_me18.o)
                0x0000000010001ce8                MXC_UART_GetFrequency
 .text.MXC_UART_SetFrequency
                0x0000000010001d8c      0x134 /home/eric-busch/Workspace/msdk/Libraries/PeriphDrivers/bin/MAX32690/spi-v1_softfp/libPeriphDriver_spi-v1_softfp.a(uart_me18.o)
                0x0000000010001d8c                MXC_UART_SetFrequency
 .text.MXC_UART_SetDataSize
                0x0000000010001ec0        0x8 /home/eric-busch/Workspace/msdk/Libraries/PeriphDrivers/bin/MAX32690/spi-v1_softfp/libPeriphDriver_spi-v1_softfp.a(uart_me18.o)
                0x0000000010001ec0                MXC_UART_SetDataSize
 .text.MXC_UART_SetStopBits
                0x0000000010001ec8        0x8 /home/eric-busch/Workspace/msdk/Libraries/PeriphDrivers/bin/MAX32690/spi-v1_softfp/libPeriphDriver_spi-v1_softfp.a(uart_me18.o)
                0x0000000010001ec8                MXC_UART_SetStopBits
 .text.MXC_UART_SetParity
                0x0000000010001ed0        0x8 /home/eric-busch/Workspace/msdk/Libraries/PeriphDrivers/bin/MAX32690/spi-v1_softfp/libPeriphDriver_spi-v1_softfp.a(uart_me18.o)
                0x0000000010001ed0                MXC_UART_SetParity
 .text.MXC_UART_ReadCharacterRaw
                0x0000000010001ed8        0x8 /home/eric-busch/Workspace/msdk/Libraries/PeriphDrivers/bin/MAX32690/spi-v1_softfp/libPeriphDriver_spi-v1_softfp.a(uart_me18.o)
                0x0000000010001ed8                MXC_UART_ReadCharacterRaw
 .text.MXC_UART_WriteCharacterRaw
                0x0000000010001ee0        0x8 /home/eric-busch/Workspace/msdk/Libraries/PeriphDrivers/bin/MAX32690/spi-v1_softfp/libPeriphDriver_spi-v1_softfp.a(uart_me18.o)
                0x0000000010001ee0                MXC_UART_WriteCharacterRaw
 .text.MXC_UART_ReadCharacter
                0x0000000010001ee8        0x8 /home/eric-busch/Workspace/msdk/Libraries/PeriphDrivers/bin/MAX32690/spi-v1_softfp/libPeriphDriver_spi-v1_softfp.a(uart_me18.o)
                0x0000000010001ee8                MXC_UART_ReadCharacter
 .text.MXC_UART_WriteCharacter
                0x0000000010001ef0        0x8 /home/eric-busch/Workspace/msdk/Libraries/PeriphDrivers/bin/MAX32690/spi-v1_softfp/libPeriphDriver_spi-v1_softfp.a(uart_me18.o)
                0x0000000010001ef0                MXC_UART_WriteCharacter
 .text.MXC_UART_GetRXFIFOAvailable
                0x0000000010001ef8        0x8 /home/eric-busch/Workspace/msdk/Libraries/PeriphDrivers/bin/MAX32690/spi-v1_softfp/libPeriphDriver_spi-v1_softfp.a(uart_me18.o)
                0x0000000010001ef8                MXC_UART_GetRXFIFOAvailable
 .text.MXC_UART_GetTXFIFOAvailable
                0x0000000010001f00        0x8 /home/eric-busch/Workspace/msdk/Libraries/PeriphDrivers/bin/MAX32690/spi-v1_softfp/libPeriphDriver_spi-v1_softfp.a(uart_me18.o)
                0x0000000010001f00                MXC_UART_GetTXFIFOAvailable
 .text.MXC_UART_SetRXThreshold
                0x0000000010001f08        0x8 /home/eric-busch/Workspace/msdk/Libraries/PeriphDrivers/bin/MAX32690/spi-v1_softfp/libPeriphDriver_spi-v1_softfp.a(uart_me18.o)
                0x0000000010001f08                MXC_UART_SetRXThreshold
 .text.MXC_UART_RevB_Init
                0x0000000010001f10       0xe0 /home/eric-busch/Workspace/msdk/Libraries/PeriphDrivers/bin/MAX32690/spi-v1_softfp/libPeriphDriver_spi-v1_softfp.a(uart_revb.o)
                0x0000000010001f10                MXC_UART_RevB_Init
 .text.MXC_UART_RevB_SetDataSize
                0x0000000010001ff0       0x20 /home/eric-busch/Workspace/msdk/Libraries/PeriphDrivers/bin/MAX32690/spi-v1_softfp/libPeriphDriver_spi-v1_softfp.a(uart_revb.o)
                0x0000000010001ff0                MXC_UART_RevB_SetDataSize
 .text.MXC_UART_RevB_SetStopBits
                0x0000000010002010       0x24 /home/eric-busch/Workspace/msdk/Libraries/PeriphDrivers/bin/MAX32690/spi-v1_softfp/libPeriphDriver_spi-v1_softfp.a(uart_revb.o)
                0x0000000010002010                MXC_UART_RevB_SetStopBits
 .text.MXC_UART_RevB_SetParity
                0x0000000010002034       0x90 /home/eric-busch/Workspace/msdk/Libraries/PeriphDrivers/bin/MAX32690/spi-v1_softfp/libPeriphDriver_spi-v1_softfp.a(uart_revb.o)
                0x0000000010002034                MXC_UART_RevB_SetParity
 .text.MXC_UART_RevB_ReadCharacterRaw
                0x00000000100020c4       0x12 /home/eric-busch/Workspace/msdk/Libraries/PeriphDrivers/bin/MAX32690/spi-v1_softfp/libPeriphDriver_spi-v1_softfp.a(uart_revb.o)
                0x00000000100020c4                MXC_UART_RevB_ReadCharacterRaw
 .text.MXC_UART_RevB_WriteCharacterRaw
                0x00000000100020d6       0x14 /home/eric-busch/Workspace/msdk/Libraries/PeriphDrivers/bin/MAX32690/spi-v1_softfp/libPeriphDriver_spi-v1_softfp.a(uart_revb.o)
                0x00000000100020d6                MXC_UART_RevB_WriteCharacterRaw
 .text.MXC_UART_RevB_GetRXFIFOAvailable
                0x00000000100020ea        0x8 /home/eric-busch/Workspace/msdk/Libraries/PeriphDrivers/bin/MAX32690/spi-v1_softfp/libPeriphDriver_spi-v1_softfp.a(uart_revb.o)
                0x00000000100020ea                MXC_UART_RevB_GetRXFIFOAvailable
 .text.MXC_UART_RevB_GetTXFIFOAvailable
                0x00000000100020f2        0xc /home/eric-busch/Workspace/msdk/Libraries/PeriphDrivers/bin/MAX32690/spi-v1_softfp/libPeriphDriver_spi-v1_softfp.a(uart_revb.o)
                0x00000000100020f2                MXC_UART_RevB_GetTXFIFOAvailable
 .text.MXC_UART_RevB_SetRXThreshold
                0x00000000100020fe       0x1e /home/eric-busch/Workspace/msdk/Libraries/PeriphDrivers/bin/MAX32690/spi-v1_softfp/libPeriphDriver_spi-v1_softfp.a(uart_revb.o)
                0x00000000100020fe                MXC_UART_RevB_SetRXThreshold
 .text.MXC_GetLock
                0x000000001000211c       0x1c /home/eric-busch/Workspace/msdk/Libraries/PeriphDrivers/bin/MAX32690/spi-v1_softfp/libPeriphDriver_spi-v1_softfp.a(mxc_lock.o)
                0x000000001000211c                MXC_GetLock
 .text.MXC_FreeLock
                0x0000000010002138        0xa /home/eric-busch/Workspace/msdk/Libraries/PeriphDrivers/bin/MAX32690/spi-v1_softfp/libPeriphDriver_spi-v1_softfp.a(mxc_lock.o)
                0x0000000010002138                MXC_FreeLock
 *fill*         0x0000000010002142        0x2 
 .text.MXC_DMA_DeInit
                0x0000000010002144       0x10 /home/eric-busch/Workspace/msdk/Libraries/PeriphDrivers/bin/MAX32690/spi-v1_softfp/libPeriphDriver_spi-v1_softfp.a(dma_me18.o)
                0x0000000010002144                MXC_DMA_DeInit
 .text.MXC_DMA_ReleaseChannel
                0x0000000010002154        0x8 /home/eric-busch/Workspace/msdk/Libraries/PeriphDrivers/bin/MAX32690/spi-v1_softfp/libPeriphDriver_spi-v1_softfp.a(dma_me18.o)
                0x0000000010002154                MXC_DMA_ReleaseChannel
 .text.MXC_DMA_RevA_DeInit
                0x000000001000215c       0x34 /home/eric-busch/Workspace/msdk/Libraries/PeriphDrivers/bin/MAX32690/spi-v1_softfp/libPeriphDriver_spi-v1_softfp.a(dma_reva.o)
                0x000000001000215c                MXC_DMA_RevA_DeInit
 .text.MXC_DMA_RevA_ReleaseChannel
                0x0000000010002190       0x60 /home/eric-busch/Workspace/msdk/Libraries/PeriphDrivers/bin/MAX32690/spi-v1_softfp/libPeriphDriver_spi-v1_softfp.a(dma_reva.o)
                0x0000000010002190                MXC_DMA_RevA_ReleaseChannel
 .text.MXC_GPIO_Common_Init
                0x00000000100021f0       0x40 /home/eric-busch/Workspace/msdk/Libraries/PeriphDrivers/bin/MAX32690/spi-v1_softfp/libPeriphDriver_spi-v1_softfp.a(gpio_common.o)
                0x00000000100021f0                MXC_GPIO_Common_Init
 .text.MXC_GPIO_Common_Handler
                0x0000000010002230       0x9c /home/eric-busch/Workspace/msdk/Libraries/PeriphDrivers/bin/MAX32690/spi-v1_softfp/libPeriphDriver_spi-v1_softfp.a(gpio_common.o)
                0x0000000010002230                MXC_GPIO_Common_Handler
 .text.MXC_GPIO_Common_GetConfigLock
                0x00000000100022cc        0xc /home/eric-busch/Workspace/msdk/Libraries/PeriphDrivers/bin/MAX32690/spi-v1_softfp/libPeriphDriver_spi-v1_softfp.a(gpio_common.o)
                0x00000000100022cc                MXC_GPIO_Common_GetConfigLock
 .text.MXC_UART_Common_ReadCharacter
                0x00000000100022d8       0x16 /home/eric-busch/Workspace/msdk/Libraries/PeriphDrivers/bin/MAX32690/spi-v1_softfp/libPeriphDriver_spi-v1_softfp.a(uart_common.o)
                0x00000000100022d8                MXC_UART_Common_ReadCharacter
 .text.MXC_UART_Common_WriteCharacter
                0x00000000100022ee       0x1a /home/eric-busch/Workspace/msdk/Libraries/PeriphDrivers/bin/MAX32690/spi-v1_softfp/libPeriphDriver_spi-v1_softfp.a(uart_common.o)
                0x00000000100022ee                MXC_UART_Common_WriteCharacter
 .text.__errno  0x0000000010002308        0xc /home/eric-busch/Tools/GNUTools/bin/../lib/gcc/arm-none-eabi/10.3.1/../../../../arm-none-eabi/lib/thumb/v7e-m+fp/softfp/libc.a(lib_a-errno.o)
                0x0000000010002308                __errno
 .text.__libc_init_array
                0x0000000010002314       0x48 /home/eric-busch/Tools/GNUTools/bin/../lib/gcc/arm-none-eabi/10.3.1/../../../../arm-none-eabi/lib/thumb/v7e-m+fp/softfp/libc.a(lib_a-init.o)
                0x0000000010002314                __libc_init_array
 .text          0x000000001000235c      0x134 /home/eric-busch/Tools/GNUTools/bin/../lib/gcc/arm-none-eabi/10.3.1/../../../../arm-none-eabi/lib/thumb/v7e-m+fp/softfp/libc.a(lib_a-memcpy.o)
                0x000000001000235c                memcpy
 .text.memset   0x0000000010002490       0xa4 /home/eric-busch/Tools/GNUTools/bin/../lib/gcc/arm-none-eabi/10.3.1/../../../../arm-none-eabi/lib/thumb/v7e-m+fp/softfp/libc.a(lib_a-memset.o)
                0x0000000010002490                memset
 .text.printf   0x0000000010002534       0x28 /home/eric-busch/Tools/GNUTools/bin/../lib/gcc/arm-none-eabi/10.3.1/../../../../arm-none-eabi/lib/thumb/v7e-m+fp/softfp/libc.a(lib_a-printf.o)
                0x0000000010002534                printf
 .text._puts_r  0x000000001000255c       0x9c /home/eric-busch/Tools/GNUTools/bin/../lib/gcc/arm-none-eabi/10.3.1/../../../../arm-none-eabi/lib/thumb/v7e-m+fp/softfp/libc.a(lib_a-puts.o)
                0x000000001000255c                _puts_r
 .text.puts     0x00000000100025f8       0x10 /home/eric-busch/Tools/GNUTools/bin/../lib/gcc/arm-none-eabi/10.3.1/../../../../arm-none-eabi/lib/thumb/v7e-m+fp/softfp/libc.a(lib_a-puts.o)
                0x00000000100025f8                puts
 *fill*         0x0000000010002608       0x38 
 .text          0x0000000010002640       0xdc /home/eric-busch/Tools/GNUTools/bin/../lib/gcc/arm-none-eabi/10.3.1/../../../../arm-none-eabi/lib/thumb/v7e-m+fp/softfp/libc.a(lib_a-strlen.o)
                0x0000000010002640                strlen
 *fill*         0x000000001000271c        0x4 
 .text._vfprintf_r
                0x0000000010002720     0x1b8c /home/eric-busch/Tools/GNUTools/bin/../lib/gcc/arm-none-eabi/10.3.1/../../../../arm-none-eabi/lib/thumb/v7e-m+fp/softfp/libc.a(lib_a-vfprintf.o)
                0x0000000010002720                _vfprintf_r
 .text.__sbprintf
                0x00000000100042ac       0x80 /home/eric-busch/Tools/GNUTools/bin/../lib/gcc/arm-none-eabi/10.3.1/../../../../arm-none-eabi/lib/thumb/v7e-m+fp/softfp/libc.a(lib_a-vfprintf.o)
 .text.__swsetup_r
                0x000000001000432c       0xd4 /home/eric-busch/Tools/GNUTools/bin/../lib/gcc/arm-none-eabi/10.3.1/../../../../arm-none-eabi/lib/thumb/v7e-m+fp/softfp/libc.a(lib_a-wsetup.o)
                0x000000001000432c                __swsetup_r
 .text.startup.register_fini
                0x0000000010004400       0x14 /home/eric-busch/Tools/GNUTools/bin/../lib/gcc/arm-none-eabi/10.3.1/../../../../arm-none-eabi/lib/thumb/v7e-m+fp/softfp/libc.a(lib_a-__call_atexit.o)
 .text.atexit   0x0000000010004414        0xc /home/eric-busch/Tools/GNUTools/bin/../lib/gcc/arm-none-eabi/10.3.1/../../../../arm-none-eabi/lib/thumb/v7e-m+fp/softfp/libc.a(lib_a-atexit.o)
                0x0000000010004414                atexit
 .text.quorem   0x0000000010004420      0x128 /home/eric-busch/Tools/GNUTools/bin/../lib/gcc/arm-none-eabi/10.3.1/../../../../arm-none-eabi/lib/thumb/v7e-m+fp/softfp/libc.a(lib_a-dtoa.o)
 .text._dtoa_r  0x0000000010004548      0xf34 /home/eric-busch/Tools/GNUTools/bin/../lib/gcc/arm-none-eabi/10.3.1/../../../../arm-none-eabi/lib/thumb/v7e-m+fp/softfp/libc.a(lib_a-dtoa.o)
                0x0000000010004548                _dtoa_r
 .text.__sflush_r
                0x000000001000547c      0x130 /home/eric-busch/Tools/GNUTools/bin/../lib/gcc/arm-none-eabi/10.3.1/../../../../arm-none-eabi/lib/thumb/v7e-m+fp/softfp/libc.a(lib_a-fflush.o)
                0x000000001000547c                __sflush_r
 .text._fflush_r
                0x00000000100055ac       0x5c /home/eric-busch/Tools/GNUTools/bin/../lib/gcc/arm-none-eabi/10.3.1/../../../../arm-none-eabi/lib/thumb/v7e-m+fp/softfp/libc.a(lib_a-fflush.o)
                0x00000000100055ac                _fflush_r
 .text._cleanup_r
                0x0000000010005608        0xc /home/eric-busch/Tools/GNUTools/bin/../lib/gcc/arm-none-eabi/10.3.1/../../../../arm-none-eabi/lib/thumb/v7e-m+fp/softfp/libc.a(lib_a-findfp.o)
                0x0000000010005608                _cleanup_r
 .text.__sinit  0x0000000010005614      0x10c /home/eric-busch/Tools/GNUTools/bin/../lib/gcc/arm-none-eabi/10.3.1/../../../../arm-none-eabi/lib/thumb/v7e-m+fp/softfp/libc.a(lib_a-findfp.o)
                0x0000000010005614                __sinit
 .text.__sfp_lock_acquire
                0x0000000010005720        0xc /home/eric-busch/Tools/GNUTools/bin/../lib/gcc/arm-none-eabi/10.3.1/../../../../arm-none-eabi/lib/thumb/v7e-m+fp/softfp/libc.a(lib_a-findfp.o)
                0x0000000010005720                __sfp_lock_acquire
 .text.__sfp_lock_release
                0x000000001000572c        0xc /home/eric-busch/Tools/GNUTools/bin/../lib/gcc/arm-none-eabi/10.3.1/../../../../arm-none-eabi/lib/thumb/v7e-m+fp/softfp/libc.a(lib_a-findfp.o)
                0x000000001000572c                __sfp_lock_release
 .text.__libc_fini_array
                0x0000000010005738       0x2c /home/eric-busch/Tools/GNUTools/bin/../lib/gcc/arm-none-eabi/10.3.1/../../../../arm-none-eabi/lib/thumb/v7e-m+fp/softfp/libc.a(lib_a-fini.o)
                0x0000000010005738                __libc_fini_array
 .text._malloc_trim_r
                0x0000000010005764       0xa0 /home/eric-busch/Tools/GNUTools/bin/../lib/gcc/arm-none-eabi/10.3.1/../../../../arm-none-eabi/lib/thumb/v7e-m+fp/softfp/libc.a(lib_a-freer.o)
                0x0000000010005764                _malloc_trim_r
 .text._free_r  0x0000000010005804      0x20c /home/eric-busch/Tools/GNUTools/bin/../lib/gcc/arm-none-eabi/10.3.1/../../../../arm-none-eabi/lib/thumb/v7e-m+fp/softfp/libc.a(lib_a-freer.o)
                0x0000000010005804                _free_r
 .text.__sfvwrite_r
                0x0000000010005a10      0x2f0 /home/eric-busch/Tools/GNUTools/bin/../lib/gcc/arm-none-eabi/10.3.1/../../../../arm-none-eabi/lib/thumb/v7e-m+fp/softfp/libc.a(lib_a-fvwrite.o)
                0x0000000010005a10                __sfvwrite_r
 .text._fwalk_reent
                0x0000000010005d00       0x48 /home/eric-busch/Tools/GNUTools/bin/../lib/gcc/arm-none-eabi/10.3.1/../../../../arm-none-eabi/lib/thumb/v7e-m+fp/softfp/libc.a(lib_a-fwalk.o)
                0x0000000010005d00                _fwalk_reent
 .text._localeconv_r
                0x0000000010005d48        0x8 /home/eric-busch/Tools/GNUTools/bin/../lib/gcc/arm-none-eabi/10.3.1/../../../../arm-none-eabi/lib/thumb/v7e-m+fp/softfp/libc.a(lib_a-localeconv.o)
                0x0000000010005d48                _localeconv_r
 .text.__retarget_lock_init_recursive
                0x0000000010005d50        0x4 /home/eric-busch/Tools/GNUTools/bin/../lib/gcc/arm-none-eabi/10.3.1/../../../../arm-none-eabi/lib/thumb/v7e-m+fp/softfp/libc.a(lib_a-lock.o)
                0x0000000010005d50                __retarget_lock_init_recursive
 .text.__retarget_lock_close_recursive
                0x0000000010005d54        0x4 /home/eric-busch/Tools/GNUTools/bin/../lib/gcc/arm-none-eabi/10.3.1/../../../../arm-none-eabi/lib/thumb/v7e-m+fp/softfp/libc.a(lib_a-lock.o)
                0x0000000010005d54                __retarget_lock_close_recursive
 .text.__retarget_lock_acquire_recursive
                0x0000000010005d58        0x4 /home/eric-busch/Tools/GNUTools/bin/../lib/gcc/arm-none-eabi/10.3.1/../../../../arm-none-eabi/lib/thumb/v7e-m+fp/softfp/libc.a(lib_a-lock.o)
                0x0000000010005d58                __retarget_lock_acquire_recursive
 .text.__retarget_lock_release_recursive
                0x0000000010005d5c        0x4 /home/eric-busch/Tools/GNUTools/bin/../lib/gcc/arm-none-eabi/10.3.1/../../../../arm-none-eabi/lib/thumb/v7e-m+fp/softfp/libc.a(lib_a-lock.o)
                0x0000000010005d5c                __retarget_lock_release_recursive
 .text.__smakebuf_r
                0x0000000010005d60       0xe0 /home/eric-busch/Tools/GNUTools/bin/../lib/gcc/arm-none-eabi/10.3.1/../../../../arm-none-eabi/lib/thumb/v7e-m+fp/softfp/libc.a(lib_a-makebuf.o)
                0x0000000010005d60                __smakebuf_r
 .text._malloc_r
                0x0000000010005e40      0x560 /home/eric-busch/Tools/GNUTools/bin/../lib/gcc/arm-none-eabi/10.3.1/../../../../arm-none-eabi/lib/thumb/v7e-m+fp/softfp/libc.a(lib_a-mallocr.o)
                0x0000000010005e40                _malloc_r
 .text          0x00000000100063a0       0xa0 /home/eric-busch/Tools/GNUTools/bin/../lib/gcc/arm-none-eabi/10.3.1/../../../../arm-none-eabi/lib/thumb/v7e-m+fp/softfp/libc.a(lib_a-memchr.o)
                0x00000000100063a0                memchr
 .text.memmove  0x0000000010006440       0xf8 /home/eric-busch/Tools/GNUTools/bin/../lib/gcc/arm-none-eabi/10.3.1/../../../../arm-none-eabi/lib/thumb/v7e-m+fp/softfp/libc.a(lib_a-memmove.o)
                0x0000000010006440                memmove
 .text.__malloc_lock
                0x0000000010006538        0xc /home/eric-busch/Tools/GNUTools/bin/../lib/gcc/arm-none-eabi/10.3.1/../../../../arm-none-eabi/lib/thumb/v7e-m+fp/softfp/libc.a(lib_a-mlock.o)
                0x0000000010006538                __malloc_lock
 .text.__malloc_unlock
                0x0000000010006544        0xc /home/eric-busch/Tools/GNUTools/bin/../lib/gcc/arm-none-eabi/10.3.1/../../../../arm-none-eabi/lib/thumb/v7e-m+fp/softfp/libc.a(lib_a-mlock.o)
                0x0000000010006544                __malloc_unlock
 .text._Balloc  0x0000000010006550       0x4c /home/eric-busch/Tools/GNUTools/bin/../lib/gcc/arm-none-eabi/10.3.1/../../../../arm-none-eabi/lib/thumb/v7e-m+fp/softfp/libc.a(lib_a-mprec.o)
                0x0000000010006550                _Balloc
 .text._Bfree   0x000000001000659c       0x14 /home/eric-busch/Tools/GNUTools/bin/../lib/gcc/arm-none-eabi/10.3.1/../../../../arm-none-eabi/lib/thumb/v7e-m+fp/softfp/libc.a(lib_a-mprec.o)
                0x000000001000659c                _Bfree
 .text.__multadd
                0x00000000100065b0       0xa8 /home/eric-busch/Tools/GNUTools/bin/../lib/gcc/arm-none-eabi/10.3.1/../../../../arm-none-eabi/lib/thumb/v7e-m+fp/softfp/libc.a(lib_a-mprec.o)
                0x00000000100065b0                __multadd
 .text.__hi0bits
                0x0000000010006658       0x40 /home/eric-busch/Tools/GNUTools/bin/../lib/gcc/arm-none-eabi/10.3.1/../../../../arm-none-eabi/lib/thumb/v7e-m+fp/softfp/libc.a(lib_a-mprec.o)
                0x0000000010006658                __hi0bits
 .text.__lo0bits
                0x0000000010006698       0x60 /home/eric-busch/Tools/GNUTools/bin/../lib/gcc/arm-none-eabi/10.3.1/../../../../arm-none-eabi/lib/thumb/v7e-m+fp/softfp/libc.a(lib_a-mprec.o)
                0x0000000010006698                __lo0bits
 .text.__i2b    0x00000000100066f8       0x5c /home/eric-busch/Tools/GNUTools/bin/../lib/gcc/arm-none-eabi/10.3.1/../../../../arm-none-eabi/lib/thumb/v7e-m+fp/softfp/libc.a(lib_a-mprec.o)
                0x00000000100066f8                __i2b
 .text.__multiply
                0x0000000010006754      0x15c /home/eric-busch/Tools/GNUTools/bin/../lib/gcc/arm-none-eabi/10.3.1/../../../../arm-none-eabi/lib/thumb/v7e-m+fp/softfp/libc.a(lib_a-mprec.o)
                0x0000000010006754                __multiply
 .text.__pow5mult
                0x00000000100068b0       0xc0 /home/eric-busch/Tools/GNUTools/bin/../lib/gcc/arm-none-eabi/10.3.1/../../../../arm-none-eabi/lib/thumb/v7e-m+fp/softfp/libc.a(lib_a-mprec.o)
                0x00000000100068b0                __pow5mult
 .text.__lshift
                0x0000000010006970       0xf0 /home/eric-busch/Tools/GNUTools/bin/../lib/gcc/arm-none-eabi/10.3.1/../../../../arm-none-eabi/lib/thumb/v7e-m+fp/softfp/libc.a(lib_a-mprec.o)
                0x0000000010006970                __lshift
 .text.__mcmp   0x0000000010006a60       0x44 /home/eric-busch/Tools/GNUTools/bin/../lib/gcc/arm-none-eabi/10.3.1/../../../../arm-none-eabi/lib/thumb/v7e-m+fp/softfp/libc.a(lib_a-mprec.o)
                0x0000000010006a60                __mcmp
 .text.__mdiff  0x0000000010006aa4      0x14c /home/eric-busch/Tools/GNUTools/bin/../lib/gcc/arm-none-eabi/10.3.1/../../../../arm-none-eabi/lib/thumb/v7e-m+fp/softfp/libc.a(lib_a-mprec.o)
                0x0000000010006aa4                __mdiff
 .text.__d2b    0x0000000010006bf0       0xc4 /home/eric-busch/Tools/GNUTools/bin/../lib/gcc/arm-none-eabi/10.3.1/../../../../arm-none-eabi/lib/thumb/v7e-m+fp/softfp/libc.a(lib_a-mprec.o)
                0x0000000010006bf0                __d2b
 .text._realloc_r
                0x0000000010006cb4      0x3d8 /home/eric-busch/Tools/GNUTools/bin/../lib/gcc/arm-none-eabi/10.3.1/../../../../arm-none-eabi/lib/thumb/v7e-m+fp/softfp/libc.a(lib_a-reallocr.o)
                0x0000000010006cb4                _realloc_r
 .text.frexp    0x000000001000708c       0x70 /home/eric-busch/Tools/GNUTools/bin/../lib/gcc/arm-none-eabi/10.3.1/../../../../arm-none-eabi/lib/thumb/v7e-m+fp/softfp/libc.a(lib_a-s_frexp.o)
                0x000000001000708c                frexp
 .text._sbrk_r  0x00000000100070fc       0x24 /home/eric-busch/Tools/GNUTools/bin/../lib/gcc/arm-none-eabi/10.3.1/../../../../arm-none-eabi/lib/thumb/v7e-m+fp/softfp/libc.a(lib_a-sbrkr.o)
                0x00000000100070fc                _sbrk_r
 .text.__sread  0x0000000010007120       0x24 /home/eric-busch/Tools/GNUTools/bin/../lib/gcc/arm-none-eabi/10.3.1/../../../../arm-none-eabi/lib/thumb/v7e-m+fp/softfp/libc.a(lib_a-stdio.o)
                0x0000000010007120                __sread
 .text.__swrite
                0x0000000010007144       0x40 /home/eric-busch/Tools/GNUTools/bin/../lib/gcc/arm-none-eabi/10.3.1/../../../../arm-none-eabi/lib/thumb/v7e-m+fp/softfp/libc.a(lib_a-stdio.o)
                0x0000000010007144                __swrite
 .text.__sseek  0x0000000010007184       0x20 /home/eric-busch/Tools/GNUTools/bin/../lib/gcc/arm-none-eabi/10.3.1/../../../../arm-none-eabi/lib/thumb/v7e-m+fp/softfp/libc.a(lib_a-stdio.o)
                0x0000000010007184                __sseek
 .text.__sclose
                0x00000000100071a4        0x8 /home/eric-busch/Tools/GNUTools/bin/../lib/gcc/arm-none-eabi/10.3.1/../../../../arm-none-eabi/lib/thumb/v7e-m+fp/softfp/libc.a(lib_a-stdio.o)
                0x00000000100071a4                __sclose
 .text.strncpy  0x00000000100071ac       0x64 /home/eric-busch/Tools/GNUTools/bin/../lib/gcc/arm-none-eabi/10.3.1/../../../../arm-none-eabi/lib/thumb/v7e-m+fp/softfp/libc.a(lib_a-strncpy.o)
                0x00000000100071ac                strncpy
 .text.__sprint_r.part.0
                0x0000000010007210       0x78 /home/eric-busch/Tools/GNUTools/bin/../lib/gcc/arm-none-eabi/10.3.1/../../../../arm-none-eabi/lib/thumb/v7e-m+fp/softfp/libc.a(lib_a-vfiprintf.o)
 .text.__sprint_r
                0x0000000010007288       0x18 /home/eric-busch/Tools/GNUTools/bin/../lib/gcc/arm-none-eabi/10.3.1/../../../../arm-none-eabi/lib/thumb/v7e-m+fp/softfp/libc.a(lib_a-vfiprintf.o)
                0x0000000010007288                __sprint_r
 .text._vfiprintf_r
                0x00000000100072a0      0xdfc /home/eric-busch/Tools/GNUTools/bin/../lib/gcc/arm-none-eabi/10.3.1/../../../../arm-none-eabi/lib/thumb/v7e-m+fp/softfp/libc.a(lib_a-vfiprintf.o)
                0x00000000100072a0                _vfiprintf_r
 .text.__sbprintf
                0x000000001000809c       0x80 /home/eric-busch/Tools/GNUTools/bin/../lib/gcc/arm-none-eabi/10.3.1/../../../../arm-none-eabi/lib/thumb/v7e-m+fp/softfp/libc.a(lib_a-vfiprintf.o)
 .text._write_r
                0x000000001000811c       0x2c /home/eric-busch/Tools/GNUTools/bin/../lib/gcc/arm-none-eabi/10.3.1/../../../../arm-none-eabi/lib/thumb/v7e-m+fp/softfp/libc.a(lib_a-writer.o)
                0x000000001000811c                _write_r
 .text.__register_exitproc
                0x0000000010008148       0x8c /home/eric-busch/Tools/GNUTools/bin/../lib/gcc/arm-none-eabi/10.3.1/../../../../arm-none-eabi/lib/thumb/v7e-m+fp/softfp/libc.a(lib_a-__atexit.o)
                0x0000000010008148                __register_exitproc
 .text.__assert_func
                0x00000000100081d4       0x40 /home/eric-busch/Tools/GNUTools/bin/../lib/gcc/arm-none-eabi/10.3.1/../../../../arm-none-eabi/lib/thumb/v7e-m+fp/softfp/libc.a(lib_a-assert.o)
                0x00000000100081d4                __assert_func
 .text._calloc_r
                0x0000000010008214       0x78 /home/eric-busch/Tools/GNUTools/bin/../lib/gcc/arm-none-eabi/10.3.1/../../../../arm-none-eabi/lib/thumb/v7e-m+fp/softfp/libc.a(lib_a-callocr.o)
                0x0000000010008214                _calloc_r
 .text._close_r
                0x000000001000828c       0x24 /home/eric-busch/Tools/GNUTools/bin/../lib/gcc/arm-none-eabi/10.3.1/../../../../arm-none-eabi/lib/thumb/v7e-m+fp/softfp/libc.a(lib_a-closer.o)
                0x000000001000828c                _close_r
 .text._fclose_r
                0x00000000100082b0       0xcc /home/eric-busch/Tools/GNUTools/bin/../lib/gcc/arm-none-eabi/10.3.1/../../../../arm-none-eabi/lib/thumb/v7e-m+fp/softfp/libc.a(lib_a-fclose.o)
                0x00000000100082b0                _fclose_r
 .text.fiprintf
                0x000000001000837c       0x28 /home/eric-busch/Tools/GNUTools/bin/../lib/gcc/arm-none-eabi/10.3.1/../../../../arm-none-eabi/lib/thumb/v7e-m+fp/softfp/libc.a(lib_a-fiprintf.o)
                0x000000001000837c                fiprintf
 .text.__fputwc
                0x00000000100083a4       0xa8 /home/eric-busch/Tools/GNUTools/bin/../lib/gcc/arm-none-eabi/10.3.1/../../../../arm-none-eabi/lib/thumb/v7e-m+fp/softfp/libc.a(lib_a-fputwc.o)
                0x00000000100083a4                __fputwc
 .text._fputwc_r
                0x000000001000844c       0x68 /home/eric-busch/Tools/GNUTools/bin/../lib/gcc/arm-none-eabi/10.3.1/../../../../arm-none-eabi/lib/thumb/v7e-m+fp/softfp/libc.a(lib_a-fputwc.o)
                0x000000001000844c                _fputwc_r
 .text._fstat_r
                0x00000000100084b4       0x2c /home/eric-busch/Tools/GNUTools/bin/../lib/gcc/arm-none-eabi/10.3.1/../../../../arm-none-eabi/lib/thumb/v7e-m+fp/softfp/libc.a(lib_a-fstatr.o)
                0x00000000100084b4                _fstat_r
 .text._isatty_r
                0x00000000100084e0       0x24 /home/eric-busch/Tools/GNUTools/bin/../lib/gcc/arm-none-eabi/10.3.1/../../../../arm-none-eabi/lib/thumb/v7e-m+fp/softfp/libc.a(lib_a-isattyr.o)
                0x00000000100084e0                _isatty_r
 .text.__locale_mb_cur_max
                0x0000000010008504        0xc /home/eric-busch/Tools/GNUTools/bin/../lib/gcc/arm-none-eabi/10.3.1/../../../../arm-none-eabi/lib/thumb/v7e-m+fp/softfp/libc.a(lib_a-locale.o)
                0x0000000010008504                __locale_mb_cur_max
 .text._lseek_r
                0x0000000010008510       0x2c /home/eric-busch/Tools/GNUTools/bin/../lib/gcc/arm-none-eabi/10.3.1/../../../../arm-none-eabi/lib/thumb/v7e-m+fp/softfp/libc.a(lib_a-lseekr.o)
                0x0000000010008510                _lseek_r
 .text.__ascii_mbtowc
                0x000000001000853c       0x2c /home/eric-busch/Tools/GNUTools/bin/../lib/gcc/arm-none-eabi/10.3.1/../../../../arm-none-eabi/lib/thumb/v7e-m+fp/softfp/libc.a(lib_a-mbtowc_r.o)
                0x000000001000853c                __ascii_mbtowc
 .text._read_r  0x0000000010008568       0x2c /home/eric-busch/Tools/GNUTools/bin/../lib/gcc/arm-none-eabi/10.3.1/../../../../arm-none-eabi/lib/thumb/v7e-m+fp/softfp/libc.a(lib_a-readr.o)
                0x0000000010008568                _read_r
 .text.__swbuf_r
                0x0000000010008594       0xb0 /home/eric-busch/Tools/GNUTools/bin/../lib/gcc/arm-none-eabi/10.3.1/../../../../arm-none-eabi/lib/thumb/v7e-m+fp/softfp/libc.a(lib_a-wbuf.o)
                0x0000000010008594                __swbuf_r
 .text._wcrtomb_r
                0x0000000010008644       0x3c /home/eric-busch/Tools/GNUTools/bin/../lib/gcc/arm-none-eabi/10.3.1/../../../../arm-none-eabi/lib/thumb/v7e-m+fp/softfp/libc.a(lib_a-wcrtomb.o)
                0x0000000010008644                _wcrtomb_r
 .text.__ascii_wctomb
                0x0000000010008680       0x1c /home/eric-busch/Tools/GNUTools/bin/../lib/gcc/arm-none-eabi/10.3.1/../../../../arm-none-eabi/lib/thumb/v7e-m+fp/softfp/libc.a(lib_a-wctomb_r.o)
                0x0000000010008680                __ascii_wctomb
 .text.abort    0x000000001000869c       0x10 /home/eric-busch/Tools/GNUTools/bin/../lib/gcc/arm-none-eabi/10.3.1/../../../../arm-none-eabi/lib/thumb/v7e-m+fp/softfp/libc.a(lib_a-abort.o)
                0x000000001000869c                abort
 .text.raise    0x00000000100086ac       0x5c /home/eric-busch/Tools/GNUTools/bin/../lib/gcc/arm-none-eabi/10.3.1/../../../../arm-none-eabi/lib/thumb/v7e-m+fp/softfp/libc.a(lib_a-signal.o)
                0x00000000100086ac                raise
 .text._kill_r  0x0000000010008708       0x2c /home/eric-busch/Tools/GNUTools/bin/../lib/gcc/arm-none-eabi/10.3.1/../../../../arm-none-eabi/lib/thumb/v7e-m+fp/softfp/libc.a(lib_a-signalr.o)
                0x0000000010008708                _kill_r
 .text._getpid_r
                0x0000000010008734        0x4 /home/eric-busch/Tools/GNUTools/bin/../lib/gcc/arm-none-eabi/10.3.1/../../../../arm-none-eabi/lib/thumb/v7e-m+fp/softfp/libc.a(lib_a-signalr.o)
                0x0000000010008734                _getpid_r
 .text._exit    0x0000000010008738        0x4 /home/eric-busch/Tools/GNUTools/bin/../lib/gcc/arm-none-eabi/10.3.1/../../../../arm-none-eabi/lib/thumb/v7e-m+fp/softfp/libnosys.a(_exit.o)
                0x0000000010008738                _exit
 .text          0x000000001000873c      0x378 /home/eric-busch/Tools/GNUTools/bin/../lib/gcc/arm-none-eabi/10.3.1/thumb/v7e-m+fp/softfp/libgcc.a(_arm_addsubdf3.o)
                0x000000001000873c                __aeabi_drsub
                0x0000000010008744                __aeabi_dsub
                0x0000000010008744                __subdf3
                0x0000000010008748                __adddf3
                0x0000000010008748                __aeabi_dadd
                0x00000000100089c0                __aeabi_ui2d
                0x00000000100089c0                __floatunsidf
                0x00000000100089e0                __floatsidf
                0x00000000100089e0                __aeabi_i2d
                0x0000000010008a04                __extendsfdf2
                0x0000000010008a04                __aeabi_f2d
                0x0000000010008a48                __aeabi_ul2d
                0x0000000010008a48                __floatundidf
                0x0000000010008a58                __floatdidf
                0x0000000010008a58                __aeabi_l2d
 .text          0x0000000010008ab4      0x424 /home/eric-busch/Tools/GNUTools/bin/../lib/gcc/arm-none-eabi/10.3.1/thumb/v7e-m+fp/softfp/libgcc.a(_arm_muldivdf3.o)
                0x0000000010008ab4                __aeabi_dmul
                0x0000000010008ab4                __muldf3
                0x0000000010008d08                __aeabi_ddiv
                0x0000000010008d08                __divdf3
 .text          0x0000000010008ed8      0x110 /home/eric-busch/Tools/GNUTools/bin/../lib/gcc/arm-none-eabi/10.3.1/thumb/v7e-m+fp/softfp/libgcc.a(_arm_cmpdf2.o)
                0x0000000010008ed8                __gtdf2
                0x0000000010008ed8                __gedf2
                0x0000000010008ee0                __ltdf2
                0x0000000010008ee0                __ledf2
                0x0000000010008ee8                __cmpdf2
                0x0000000010008ee8                __eqdf2
                0x0000000010008ee8                __nedf2
                0x0000000010008f64                __aeabi_cdrcmple
                0x0000000010008f74                __aeabi_cdcmple
                0x0000000010008f74                __aeabi_cdcmpeq
                0x0000000010008f84                __aeabi_dcmpeq
                0x0000000010008f98                __aeabi_dcmplt
                0x0000000010008fac                __aeabi_dcmple
                0x0000000010008fc0                __aeabi_dcmpge
                0x0000000010008fd4                __aeabi_dcmpgt
 .text          0x0000000010008fe8       0x2c /home/eric-busch/Tools/GNUTools/bin/../lib/gcc/arm-none-eabi/10.3.1/thumb/v7e-m+fp/softfp/libgcc.a(_arm_unorddf2.o)
                0x0000000010008fe8                __aeabi_dcmpun
                0x0000000010008fe8                __unorddf2
 .text          0x0000000010009014       0x50 /home/eric-busch/Tools/GNUTools/bin/../lib/gcc/arm-none-eabi/10.3.1/thumb/v7e-m+fp/softfp/libgcc.a(_arm_fixdfsi.o)
                0x0000000010009014                __fixdfsi
                0x0000000010009014                __aeabi_d2iz
 .text          0x0000000010009064       0x30 /home/eric-busch/Tools/GNUTools/bin/../lib/gcc/arm-none-eabi/10.3.1/thumb/v7e-m+fp/softfp/libgcc.a(_aeabi_uldivmod.o)
                0x0000000010009064                __aeabi_uldivmod
 .text          0x0000000010009094      0x2d0 /home/eric-busch/Tools/GNUTools/bin/../lib/gcc/arm-none-eabi/10.3.1/thumb/v7e-m+fp/softfp/libgcc.a(_udivmoddi4.o)
                0x0000000010009094                __udivmoddi4
 .text          0x0000000010009364        0x4 /home/eric-busch/Tools/GNUTools/bin/../lib/gcc/arm-none-eabi/10.3.1/thumb/v7e-m+fp/softfp/libgcc.a(_dvmd_tls.o)
                0x0000000010009364                __aeabi_ldiv0
                0x0000000010009364                __aeabi_idiv0
 *(.rodata*)
 .rodata.max318889_read_temperature.str1.4
                0x0000000010009368       0x2e /home/eric-busch/Tools/btm-ci-scripts/shell-scripts/ci_temp_sensor/firmware/build/max31889_driver.o
 *fill*         0x0000000010009396        0x2 
 .rodata.max31889_read.str1.4
                0x0000000010009398       0x18 /home/eric-busch/Tools/btm-ci-scripts/shell-scripts/ci_temp_sensor/firmware/build/max31889_driver.o
 .rodata.max31889_init.str1.4
                0x00000000100093b0       0x30 /home/eric-busch/Tools/btm-ci-scripts/shell-scripts/ci_temp_sensor/firmware/build/max31889_driver.o
 .rodata.main.str1.4
                0x00000000100093e0       0x4a /home/eric-busch/Tools/btm-ci-scripts/shell-scripts/ci_temp_sensor/firmware/build/main.o
 *fill*         0x000000001000942a        0x2 
 .rodata.mxc_assert.str1.4
                0x000000001000942c       0x19 /home/eric-busch/Tools/btm-ci-scripts/shell-scripts/ci_temp_sensor/firmware/build/board.o
 *fill*         0x0000000010009445        0x3 
 .rodata.Board_Init.str1.4
                0x0000000010009448       0x59 /home/eric-busch/Tools/btm-ci-scripts/shell-scripts/ci_temp_sensor/firmware/build/board.o
 *fill*         0x00000000100094a1        0x3 
 .rodata.NMI_Handler.str1.4
                0x00000000100094a4        0xc /home/eric-busch/Tools/btm-ci-scripts/shell-scripts/ci_temp_sensor/firmware/build/board.o
 .rodata.HardFault_Handler.str1.4
                0x00000000100094b0       0x12 /home/eric-busch/Tools/btm-ci-scripts/shell-scripts/ci_temp_sensor/firmware/build/board.o
 *fill*         0x00000000100094c2        0x2 
 .rodata.led_pin
                0x00000000100094c4       0x3c /home/eric-busch/Tools/btm-ci-scripts/shell-scripts/ci_temp_sensor/firmware/build/board.o
                0x00000000100094c4                led_pin
 .rodata.num_leds
                0x0000000010009500        0x4 /home/eric-busch/Tools/btm-ci-scripts/shell-scripts/ci_temp_sensor/firmware/build/board.o
                0x0000000010009500                num_leds
 .rodata.num_pbs
                0x0000000010009504        0x4 /home/eric-busch/Tools/btm-ci-scripts/shell-scripts/ci_temp_sensor/firmware/build/board.o
                0x0000000010009504                num_pbs
 .rodata.pb_pin
                0x0000000010009508        0xc /home/eric-busch/Tools/btm-ci-scripts/shell-scripts/ci_temp_sensor/firmware/build/board.o
                0x0000000010009508                pb_pin
 .rodata.LED_On.str1.4
                0x0000000010009514       0x4f /home/eric-busch/Tools/btm-ci-scripts/shell-scripts/ci_temp_sensor/firmware/build/led.o
 *fill*         0x0000000010009563        0x1 
 .rodata.MXC_UART_RevB_Init.str1.4
                0x0000000010009564       0x8b /home/eric-busch/Workspace/msdk/Libraries/PeriphDrivers/bin/MAX32690/spi-v1_softfp/libPeriphDriver_spi-v1_softfp.a(uart_revb.o)
 *fill*         0x00000000100095ef        0x1 
 .rodata.gpio_cfg_extclk
                0x00000000100095f0        0xc /home/eric-busch/Workspace/msdk/Libraries/PeriphDrivers/bin/MAX32690/spi-v1_softfp/libPeriphDriver_spi-v1_softfp.a(pins_me18.o)
                0x00000000100095f0                gpio_cfg_extclk
 .rodata.gpio_cfg_i2c0
                0x00000000100095fc        0xc /home/eric-busch/Workspace/msdk/Libraries/PeriphDrivers/bin/MAX32690/spi-v1_softfp/libPeriphDriver_spi-v1_softfp.a(pins_me18.o)
                0x00000000100095fc                gpio_cfg_i2c0
 .rodata.gpio_cfg_i2c1
                0x0000000010009608        0xc /home/eric-busch/Workspace/msdk/Libraries/PeriphDrivers/bin/MAX32690/spi-v1_softfp/libPeriphDriver_spi-v1_softfp.a(pins_me18.o)
                0x0000000010009608                gpio_cfg_i2c1
 .rodata.gpio_cfg_i2c2c
                0x0000000010009614        0xc /home/eric-busch/Workspace/msdk/Libraries/PeriphDrivers/bin/MAX32690/spi-v1_softfp/libPeriphDriver_spi-v1_softfp.a(pins_me18.o)
                0x0000000010009614                gpio_cfg_i2c2c
 .rodata.gpio_cfg_uart0
                0x0000000010009620        0xc /home/eric-busch/Workspace/msdk/Libraries/PeriphDrivers/bin/MAX32690/spi-v1_softfp/libPeriphDriver_spi-v1_softfp.a(pins_me18.o)
                0x0000000010009620                gpio_cfg_uart0
 .rodata.gpio_cfg_uart1
                0x000000001000962c        0xc /home/eric-busch/Workspace/msdk/Libraries/PeriphDrivers/bin/MAX32690/spi-v1_softfp/libPeriphDriver_spi-v1_softfp.a(pins_me18.o)
                0x000000001000962c                gpio_cfg_uart1
 .rodata.gpio_cfg_uart2
                0x0000000010009638        0xc /home/eric-busch/Workspace/msdk/Libraries/PeriphDrivers/bin/MAX32690/spi-v1_softfp/libPeriphDriver_spi-v1_softfp.a(pins_me18.o)
                0x0000000010009638                gpio_cfg_uart2
 .rodata.gpio_cfg_uart3
                0x0000000010009644        0xc /home/eric-busch/Workspace/msdk/Libraries/PeriphDrivers/bin/MAX32690/spi-v1_softfp/libPeriphDriver_spi-v1_softfp.a(pins_me18.o)
                0x0000000010009644                gpio_cfg_uart3
 .rodata.MXC_DMA_RevA_Init.str1.4
                0x0000000010009650       0x65 /home/eric-busch/Workspace/msdk/Libraries/PeriphDrivers/bin/MAX32690/spi-v1_softfp/libPeriphDriver_spi-v1_softfp.a(dma_reva.o)
 *fill*         0x00000000100096b5        0x3 
 .rodata.MXC_GPIO_Common_Handler.str1.4
                0x00000000100096b8       0x7a /home/eric-busch/Workspace/msdk/Libraries/PeriphDrivers/bin/MAX32690/spi-v1_softfp/libPeriphDriver_spi-v1_softfp.a(gpio_common.o)
 *fill*         0x0000000010009732        0x2 
 .rodata._global_impure_ptr
                0x0000000010009734        0x4 /home/eric-busch/Tools/GNUTools/bin/../lib/gcc/arm-none-eabi/10.3.1/../../../../arm-none-eabi/lib/thumb/v7e-m+fp/softfp/libc.a(lib_a-impure.o)
                0x0000000010009734                _global_impure_ptr
 .rodata._puts_r.str1.4
                0x0000000010009738       0x7a /home/eric-busch/Tools/GNUTools/bin/../lib/gcc/arm-none-eabi/10.3.1/../../../../arm-none-eabi/lib/thumb/v7e-m+fp/softfp/libc.a(lib_a-puts.o)
                                          0x2 (size before relaxing)
 .rodata._vfprintf_r.str1.4
                0x0000000010009738       0x42 /home/eric-busch/Tools/GNUTools/bin/../lib/gcc/arm-none-eabi/10.3.1/../../../../arm-none-eabi/lib/thumb/v7e-m+fp/softfp/libc.a(lib_a-vfprintf.o)
 *fill*         0x000000001000977a        0x2 
 .rodata.blanks.1
                0x000000001000977c       0x10 /home/eric-busch/Tools/GNUTools/bin/../lib/gcc/arm-none-eabi/10.3.1/../../../../arm-none-eabi/lib/thumb/v7e-m+fp/softfp/libc.a(lib_a-vfprintf.o)
 .rodata.zeroes.0
                0x000000001000978c       0x10 /home/eric-busch/Tools/GNUTools/bin/../lib/gcc/arm-none-eabi/10.3.1/../../../../arm-none-eabi/lib/thumb/v7e-m+fp/softfp/libc.a(lib_a-vfprintf.o)
 .rodata._dtoa_r.str1.4
                0x000000001000979c       0xa2 /home/eric-busch/Tools/GNUTools/bin/../lib/gcc/arm-none-eabi/10.3.1/../../../../arm-none-eabi/lib/thumb/v7e-m+fp/softfp/libc.a(lib_a-dtoa.o)
                                         0xa6 (size before relaxing)
 *fill*         0x000000001000983e        0x2 
 .rodata.__multadd.str1.4
                0x0000000010009840       0x7f /home/eric-busch/Tools/GNUTools/bin/../lib/gcc/arm-none-eabi/10.3.1/../../../../arm-none-eabi/lib/thumb/v7e-m+fp/softfp/libc.a(lib_a-mprec.o)
                                         0x93 (size before relaxing)
 *fill*         0x00000000100098bf        0x1 
 .rodata.__mprec_bigtens
                0x00000000100098c0       0x28 /home/eric-busch/Tools/GNUTools/bin/../lib/gcc/arm-none-eabi/10.3.1/../../../../arm-none-eabi/lib/thumb/v7e-m+fp/softfp/libc.a(lib_a-mprec.o)
                0x00000000100098c0                __mprec_bigtens
 .rodata.__mprec_tens
                0x00000000100098e8       0xc8 /home/eric-busch/Tools/GNUTools/bin/../lib/gcc/arm-none-eabi/10.3.1/../../../../arm-none-eabi/lib/thumb/v7e-m+fp/softfp/libc.a(lib_a-mprec.o)
                0x00000000100098e8                __mprec_tens
 .rodata.p05.0  0x00000000100099b0        0xc /home/eric-busch/Tools/GNUTools/bin/../lib/gcc/arm-none-eabi/10.3.1/../../../../arm-none-eabi/lib/thumb/v7e-m+fp/softfp/libc.a(lib_a-mprec.o)
 .rodata._vfiprintf_r.str1.4
                0x00000000100099bc       0x2f /home/eric-busch/Tools/GNUTools/bin/../lib/gcc/arm-none-eabi/10.3.1/../../../../arm-none-eabi/lib/thumb/v7e-m+fp/softfp/libc.a(lib_a-vfiprintf.o)
 .rodata.blanks.1
                0x00000000100099bc       0x10 /home/eric-busch/Tools/GNUTools/bin/../lib/gcc/arm-none-eabi/10.3.1/../../../../arm-none-eabi/lib/thumb/v7e-m+fp/softfp/libc.a(lib_a-vfiprintf.o)
 .rodata.zeroes.0
                0x00000000100099cc       0x10 /home/eric-busch/Tools/GNUTools/bin/../lib/gcc/arm-none-eabi/10.3.1/../../../../arm-none-eabi/lib/thumb/v7e-m+fp/softfp/libc.a(lib_a-vfiprintf.o)
 .rodata.__assert_func.str1.4
                0x00000000100099dc       0x3f /home/eric-busch/Tools/GNUTools/bin/../lib/gcc/arm-none-eabi/10.3.1/../../../../arm-none-eabi/lib/thumb/v7e-m+fp/softfp/libc.a(lib_a-assert.o)
                                         0x43 (size before relaxing)
 *fill*         0x0000000010009a1b        0x1 
 .rodata._setlocale_r.str1.4
                0x0000000010009a1c        0xa /home/eric-busch/Tools/GNUTools/bin/../lib/gcc/arm-none-eabi/10.3.1/../../../../arm-none-eabi/lib/thumb/v7e-m+fp/softfp/libc.a(lib_a-locale.o)
                                          0xd (size before relaxing)
 *fill*         0x0000000010009a26        0x2 
 .rodata.str1.4
                0x0000000010009a28        0x2 /home/eric-busch/Tools/GNUTools/bin/../lib/gcc/arm-none-eabi/10.3.1/../../../../arm-none-eabi/lib/thumb/v7e-m+fp/softfp/libc.a(lib_a-locale.o)
 *fill*         0x0000000010009a2a        0x2 
 .rodata._ctype_
                0x0000000010009a2c      0x101 /home/eric-busch/Tools/GNUTools/bin/../lib/gcc/arm-none-eabi/10.3.1/../../../../arm-none-eabi/lib/thumb/v7e-m+fp/softfp/libc.a(lib_a-ctype_.o)
                0x0000000010009a2c                _ctype_
 *(.init)
 *fill*         0x0000000010009b2d        0x3 
 .init          0x0000000010009b30        0x4 /home/eric-busch/Tools/GNUTools/bin/../lib/gcc/arm-none-eabi/10.3.1/thumb/v7e-m+fp/softfp/crti.o
                0x0000000010009b30                _init
 .init          0x0000000010009b34        0x8 /home/eric-busch/Tools/GNUTools/bin/../lib/gcc/arm-none-eabi/10.3.1/thumb/v7e-m+fp/softfp/crtn.o
 *(.fini)
 .fini          0x0000000010009b3c        0x4 /home/eric-busch/Tools/GNUTools/bin/../lib/gcc/arm-none-eabi/10.3.1/thumb/v7e-m+fp/softfp/crti.o
                0x0000000010009b3c                _fini
 .fini          0x0000000010009b40        0x8 /home/eric-busch/Tools/GNUTools/bin/../lib/gcc/arm-none-eabi/10.3.1/thumb/v7e-m+fp/softfp/crtn.o
 *crtbegin.o(.ctors)
 *crtbegin?.o(.ctors)
 *(EXCLUDE_FILE(*crtend.o *crtend?.o) .ctors)
 *(SORT_BY_NAME(.ctors.*))
 *(.ctors)
 *crtbegin.o(.dtors)
 *crtbegin?.o(.dtors)
 *(EXCLUDE_FILE(*crtend.o *crtend?.o) .dtors)
 *(SORT_BY_NAME(.dtors.*))
 *(.dtors)
 *(.eh_frame*)
 .eh_frame      0x0000000010009b48        0x0 /home/eric-busch/Tools/GNUTools/bin/../lib/gcc/arm-none-eabi/10.3.1/thumb/v7e-m+fp/softfp/crtbegin.o
 .eh_frame      0x0000000010009b48        0x4 /home/eric-busch/Tools/GNUTools/bin/../lib/gcc/arm-none-eabi/10.3.1/thumb/v7e-m+fp/softfp/crtend.o
                0x0000000010009b4c                _etext = .

.glue_7         0x0000000010009b4c        0x0
 .glue_7        0x0000000010009b4c        0x0 linker stubs

.glue_7t        0x0000000010009b4c        0x0
 .glue_7t       0x0000000010009b4c        0x0 linker stubs

.vfp11_veneer   0x0000000010009b4c        0x0
 .vfp11_veneer  0x0000000010009b4c        0x0 linker stubs

.v4_bx          0x0000000010009b4c        0x0
 .v4_bx         0x0000000010009b4c        0x0 linker stubs

.iplt           0x0000000010009b4c        0x0
 .iplt          0x0000000010009b4c        0x0 /home/eric-busch/Tools/GNUTools/bin/../lib/gcc/arm-none-eabi/10.3.1/thumb/v7e-m+fp/softfp/crtbegin.o

.ARM.extab
 *(.ARM.extab* .gnu.linkonce.armextab.*)

.hpb_cs0_section
                0x0000000060000000        0x0 load address 0x0000000010009b4c
                0x0000000060000000                __hpb_cs0_start = ABSOLUTE (.)
 *(.hpb_cs0_section*)
                0x0000000010009b4c                __load_start_hpb_cs0 = LOADADDR (.hpb_cs0_section)
                0x0000000000000000                __load_length_hpb_cs0 = SIZEOF (.hpb_cs0_section)

.hpb_cs1_section
                0x0000000070000000        0x0 load address 0x0000000010009b4c
                0x0000000070000000                __hpb_cs1_start = ABSOLUTE (.)
 *(.hpb_cs1_section*)
                0x0000000010009b4c                __load_start_hpb_cs1 = LOADADDR (.hpb_cs1_section)
                0x0000000000000000                __load_length_hpb_cs1 = SIZEOF (.hpb_cs1_section)

.bin_storage    0x0000000010009b4c        0x0
 FILL mask 0xff
                0x0000000010009b4c                _bin_start_ = .
 *(.bin_storage_img)
                0x0000000010009b4c                _bin_end_ = .
                0x0000000010009b4c                . = ALIGN (0x4)

.ARM.exidx      0x0000000010009b4c        0x8
                0x0000000010009b4c                __exidx_start = .
 *(.ARM.exidx* .gnu.linkonce.armexidx.*)
 .ARM.exidx     0x0000000010009b4c        0x8 /home/eric-busch/Tools/GNUTools/bin/../lib/gcc/arm-none-eabi/10.3.1/thumb/v7e-m+fp/softfp/libgcc.a(_udivmoddi4.o)
                0x0000000010009b54                __exidx_end = .

.rel.dyn        0x0000000010009b54        0x0
 .rel.iplt      0x0000000010009b54        0x0 /home/eric-busch/Tools/GNUTools/bin/../lib/gcc/arm-none-eabi/10.3.1/thumb/v7e-m+fp/softfp/crtbegin.o

.data           0x0000000020000000      0xa24 load address 0x0000000010009b54
                0x0000000020000000                _data = ALIGN (., 0x4)
 *(vtable)
 *(.data*)
 .data.ConsoleUart
                0x0000000020000000        0x4 /home/eric-busch/Tools/btm-ci-scripts/shell-scripts/ci_temp_sensor/firmware/build/board.o
                0x0000000020000000                ConsoleUart
 .data.overflows
                0x0000000020000004        0x4 /home/eric-busch/Workspace/msdk/Libraries/PeriphDrivers/bin/MAX32690/spi-v1_softfp/libPeriphDriver_spi-v1_softfp.a(mxc_delay.o)
 .data.states   0x0000000020000008       0x60 /home/eric-busch/Workspace/msdk/Libraries/PeriphDrivers/bin/MAX32690/spi-v1_softfp/libPeriphDriver_spi-v1_softfp.a(uart_revb.o)
                0x0000000020000008                states
 .data._impure_ptr
                0x0000000020000068        0x4 /home/eric-busch/Tools/GNUTools/bin/../lib/gcc/arm-none-eabi/10.3.1/../../../../arm-none-eabi/lib/thumb/v7e-m+fp/softfp/libc.a(lib_a-impure.o)
                0x0000000020000068                _impure_ptr
 *fill*         0x000000002000006c        0x4 
 .data.impure_data
                0x0000000020000070      0x428 /home/eric-busch/Tools/GNUTools/bin/../lib/gcc/arm-none-eabi/10.3.1/../../../../arm-none-eabi/lib/thumb/v7e-m+fp/softfp/libc.a(lib_a-impure.o)
 .data.__atexit_recursive_mutex
                0x0000000020000498        0x4 /home/eric-busch/Tools/GNUTools/bin/../lib/gcc/arm-none-eabi/10.3.1/../../../../arm-none-eabi/lib/thumb/v7e-m+fp/softfp/libc.a(lib_a-__call_atexit.o)
                0x0000000020000498                __atexit_recursive_mutex
 .data.__malloc_av_
                0x000000002000049c      0x408 /home/eric-busch/Tools/GNUTools/bin/../lib/gcc/arm-none-eabi/10.3.1/../../../../arm-none-eabi/lib/thumb/v7e-m+fp/softfp/libc.a(lib_a-mallocr.o)
                0x000000002000049c                __malloc_av_
 .data.__malloc_sbrk_base
                0x00000000200008a4        0x4 /home/eric-busch/Tools/GNUTools/bin/../lib/gcc/arm-none-eabi/10.3.1/../../../../arm-none-eabi/lib/thumb/v7e-m+fp/softfp/libc.a(lib_a-mallocr.o)
                0x00000000200008a4                __malloc_sbrk_base
 .data.__malloc_trim_threshold
                0x00000000200008a8        0x4 /home/eric-busch/Tools/GNUTools/bin/../lib/gcc/arm-none-eabi/10.3.1/../../../../arm-none-eabi/lib/thumb/v7e-m+fp/softfp/libc.a(lib_a-mallocr.o)
                0x00000000200008a8                __malloc_trim_threshold
 .data.__global_locale
                0x00000000200008ac      0x16c /home/eric-busch/Tools/GNUTools/bin/../lib/gcc/arm-none-eabi/10.3.1/../../../../arm-none-eabi/lib/thumb/v7e-m+fp/softfp/libc.a(lib_a-locale.o)
                0x00000000200008ac                __global_locale
                0x0000000020000a18                . = ALIGN (0x4)
                0x0000000020000a18                PROVIDE (__preinit_array_start = .)
 *(.preinit_array)
                0x0000000020000a18                PROVIDE (__preinit_array_end = .)
                0x0000000020000a18                . = ALIGN (0x4)
                0x0000000020000a18                PROVIDE (__init_array_start = .)
 *(SORT_BY_NAME(.init_array.*))
 .init_array.00000
                0x0000000020000a18        0x4 /home/eric-busch/Tools/GNUTools/bin/../lib/gcc/arm-none-eabi/10.3.1/../../../../arm-none-eabi/lib/thumb/v7e-m+fp/softfp/libc.a(lib_a-__call_atexit.o)
 *(.init_array)
 .init_array    0x0000000020000a1c        0x4 /home/eric-busch/Tools/GNUTools/bin/../lib/gcc/arm-none-eabi/10.3.1/thumb/v7e-m+fp/softfp/crtbegin.o
                0x0000000020000a20                PROVIDE (__init_array_end = .)
                0x0000000020000a20                . = ALIGN (0x4)
                0x0000000020000a20                PROVIDE (__fini_array_start = .)
 *(SORT_BY_NAME(.fini_array.*))
 *(.fini_array)
 .fini_array    0x0000000020000a20        0x4 /home/eric-busch/Tools/GNUTools/bin/../lib/gcc/arm-none-eabi/10.3.1/thumb/v7e-m+fp/softfp/crtbegin.o
                0x0000000020000a24                PROVIDE (__fini_array_end = .)
 *(.flashprog)
                0x0000000020000a24                _edata = ALIGN (., 0x4)
                0x0000000010009b54                __load_data = LOADADDR (.data)

.igot.plt       0x0000000020000a24        0x0 load address 0x000000001000a578
 .igot.plt      0x0000000020000a24        0x0 /home/eric-busch/Tools/GNUTools/bin/../lib/gcc/arm-none-eabi/10.3.1/thumb/v7e-m+fp/softfp/crtbegin.o

.bss            0x0000000020000a24      0x744 load address 0x000000001000a578
                0x0000000020000a24                . = ALIGN (0x4)
                0x0000000020000a24                _bss = .
 *(.bss*)
 .bss           0x0000000020000a24       0x1c /home/eric-busch/Tools/GNUTools/bin/../lib/gcc/arm-none-eabi/10.3.1/thumb/v7e-m+fp/softfp/crtbegin.o
 .bss.req       0x0000000020000a40       0x20 /home/eric-busch/Tools/btm-ci-scripts/shell-scripts/ci_temp_sensor/firmware/build/max31889_driver.o
 .bss.heap_end  0x0000000020000a60        0x4 /home/eric-busch/Tools/btm-ci-scripts/shell-scripts/ci_temp_sensor/firmware/build/heap.o
 .bss.SystemCoreClock
                0x0000000020000a64        0x4 /home/eric-busch/Tools/btm-ci-scripts/shell-scripts/ci_temp_sensor/firmware/build/system_max32690.o
                0x0000000020000a64                SystemCoreClock
 .bss.cbFunc    0x0000000020000a68        0x4 /home/eric-busch/Workspace/msdk/Libraries/PeriphDrivers/bin/MAX32690/spi-v1_softfp/libPeriphDriver_spi-v1_softfp.a(mxc_delay.o)
 .bss.ctrl_save
                0x0000000020000a6c        0x4 /home/eric-busch/Workspace/msdk/Libraries/PeriphDrivers/bin/MAX32690/spi-v1_softfp/libPeriphDriver_spi-v1_softfp.a(mxc_delay.o)
 .bss.endtick   0x0000000020000a70        0x4 /home/eric-busch/Workspace/msdk/Libraries/PeriphDrivers/bin/MAX32690/spi-v1_softfp/libPeriphDriver_spi-v1_softfp.a(mxc_delay.o)
 .bss.states    0x0000000020000a74       0x60 /home/eric-busch/Workspace/msdk/Libraries/PeriphDrivers/bin/MAX32690/spi-v1_softfp/libPeriphDriver_spi-v1_softfp.a(i2c_reva.o)
 .bss.dma_initialized
                0x0000000020000ad4        0x4 /home/eric-busch/Workspace/msdk/Libraries/PeriphDrivers/bin/MAX32690/spi-v1_softfp/libPeriphDriver_spi-v1_softfp.a(dma_reva.o)
 .bss.dma_lock  0x0000000020000ad8        0x4 /home/eric-busch/Workspace/msdk/Libraries/PeriphDrivers/bin/MAX32690/spi-v1_softfp/libPeriphDriver_spi-v1_softfp.a(dma_reva.o)
 .bss.dma_resource
                0x0000000020000adc      0x140 /home/eric-busch/Workspace/msdk/Libraries/PeriphDrivers/bin/MAX32690/spi-v1_softfp/libPeriphDriver_spi-v1_softfp.a(dma_reva.o)
 .bss.callback  0x0000000020000c1c      0x280 /home/eric-busch/Workspace/msdk/Libraries/PeriphDrivers/bin/MAX32690/spi-v1_softfp/libPeriphDriver_spi-v1_softfp.a(gpio_common.o)
 .bss.cbparam   0x0000000020000e9c      0x280 /home/eric-busch/Workspace/msdk/Libraries/PeriphDrivers/bin/MAX32690/spi-v1_softfp/libPeriphDriver_spi-v1_softfp.a(gpio_common.o)
 .bss.cfg_lock  0x000000002000111c        0x1 /home/eric-busch/Workspace/msdk/Libraries/PeriphDrivers/bin/MAX32690/spi-v1_softfp/libPeriphDriver_spi-v1_softfp.a(gpio_common.o)
 .bss.initialized
                0x000000002000111d        0x1 /home/eric-busch/Workspace/msdk/Libraries/PeriphDrivers/bin/MAX32690/spi-v1_softfp/libPeriphDriver_spi-v1_softfp.a(gpio_common.o)
 *fill*         0x000000002000111e        0x2 
 .bss.__lock___atexit_recursive_mutex
                0x0000000020001120        0x1 /home/eric-busch/Tools/GNUTools/bin/../lib/gcc/arm-none-eabi/10.3.1/../../../../arm-none-eabi/lib/thumb/v7e-m+fp/softfp/libc.a(lib_a-lock.o)
                0x0000000020001120                __lock___atexit_recursive_mutex
 *fill*         0x0000000020001121        0x3 
 .bss.__lock___malloc_recursive_mutex
                0x0000000020001124        0x1 /home/eric-busch/Tools/GNUTools/bin/../lib/gcc/arm-none-eabi/10.3.1/../../../../arm-none-eabi/lib/thumb/v7e-m+fp/softfp/libc.a(lib_a-lock.o)
                0x0000000020001124                __lock___malloc_recursive_mutex
 *fill*         0x0000000020001125        0x3 
 .bss.__lock___sfp_recursive_mutex
                0x0000000020001128        0x1 /home/eric-busch/Tools/GNUTools/bin/../lib/gcc/arm-none-eabi/10.3.1/../../../../arm-none-eabi/lib/thumb/v7e-m+fp/softfp/libc.a(lib_a-lock.o)
                0x0000000020001128                __lock___sfp_recursive_mutex
 *fill*         0x0000000020001129        0x3 
 .bss.__lock___sinit_recursive_mutex
                0x000000002000112c        0x1 /home/eric-busch/Tools/GNUTools/bin/../lib/gcc/arm-none-eabi/10.3.1/../../../../arm-none-eabi/lib/thumb/v7e-m+fp/softfp/libc.a(lib_a-lock.o)
                0x000000002000112c                __lock___sinit_recursive_mutex
 *fill*         0x000000002000112d        0x3 
 .bss.__malloc_current_mallinfo